   Compiling mycelium v0.8.15 (/Users/williamnewton/projects/basidiocarp/mycelium)
warning: fields `tokens_saved` and `savings_pct` are never read
  --> src/summarizer.rs:19:9
   |
11 | pub struct OutputSummary {
   |            ------------- fields in this struct
...
19 |     pub tokens_saved: usize,
   |         ^^^^^^^^^^^^
20 |     /// Savings as percentage
21 |     pub savings_pct: f64,
   |         ^^^^^^^^^^^
   |
   = note: `#[warn(dead_code)]` (part of `#[warn(unused)]`) on by default

warning: `mycelium` (bin "mycelium") generated 1 warning
    Finished `test` profile [optimized + debuginfo] target(s) in 6.40s
     Running unittests src/lib.rs (target/debug/deps/mycelium-0fe0eba4276443e7)

running 364 tests
test adaptive::tests::test_classify_by_tokens_light_just_above_passthrough ... ok
test adaptive::tests::test_classify_by_tokens_passthrough_at_threshold ... ok
test adaptive::tests::test_classify_by_tokens_light_at_threshold ... ok
test adaptive::tests::test_all_profiles_share_same_token_thresholds ... ok
test adaptive::tests::test_classify_by_tokens_passthrough_empty ... ok
test adaptive::tests::test_classify_by_tokens_passthrough_short ... ok
test adaptive::tests::test_classify_by_tokens_structured_above_light ... ok
test adaptive::tests::test_light_medium_token_count ... ok
test adaptive::tests::test_passthrough_for_very_small_output_even_when_large_in_bytes ... ok
test adaptive::tests::test_passthrough_small_token_count ... ok
test adaptive::tests::test_passthrough_hard_line_limit_overrides_tokens ... ok
test adaptive::tests::test_structured_large_token_count ... ok
test config::tests::test_adaptive_config_overrides_profile_thresholds ... ok
test config::tests::test_cargo_filter_config_defaults ... ok
test config::tests::test_filter_config_default_cargo ... ok
test config::tests::test_config_without_hooks_section_is_valid ... ok
test config::tests::test_filter_config_default_git ... ok
test config::tests::test_cargo_filter_config_deserialize_custom ... ok
test config::tests::test_filter_config_default_profile ... ok
test config::tests::test_filter_config_profile_deserialize ... ok
test config::tests::test_filter_config_without_git_cargo_sections ... ok
test config::tests::test_git_filter_config_defaults ... ok
test config::tests::test_git_filter_config_deserialize_custom ... ok
test config::tests::test_hooks_config_default_empty ... ok
test config::tests::test_hooks_config_deserialize ... ok
test config::tests::test_hyphae_and_rhizome_together ... ok
test config::tests::test_hyphae_config_enabled_false ... ok
test config::tests::test_hyphae_config_absent_is_none ... ok
test config::tests::test_hyphae_config_enabled_true ... ok
test config::tests::test_rhizome_config_absent_is_none ... ok
test config::tests::test_rhizome_config_enabled_false ... ok
test config::tests::test_rhizome_config_enabled_true ... ok
test config::tests::test_summary_config_absent_is_none ... ok
test config::tests::test_summary_config_custom_threshold ... ok
test discover::provider::tests::test_codex_project_filter_matches_path_boundaries ... ok
test discover::provider::tests::test_codex_source_label ... ok
test discover::provider::tests::test_encode_project_path ... ok
test discover::provider::tests::test_encode_project_path_trailing_slash ... ok
test discover::provider::tests::test_match_project_filter ... ok
test discover::provider::tests::test_project_filter_for_source_defaults ... ok
test discover::provider::tests::test_extract_assistant_bash ... ok
test discover::registry::parser::tests::parser_allows_safe_compound_list ... ok
test discover::provider::tests::test_extract_sequence_ordering ... ok
test discover::provider::tests::test_extract_output_content ... ok
test discover::provider::tests::test_codex_extract_exec_command ... ok
test discover::provider::tests::test_extract_non_bash_ignored ... ok
test discover::provider::tests::test_extract_non_message_ignored ... ok
test discover::provider::tests::test_extract_is_error_flag ... ok
test discover::provider::tests::test_extract_malformed_line ... ok
test discover::provider::tests::test_extract_multiple_tools ... ok
test discover::registry::tests::test_all_rules_have_valid_mycelium_cmd ... ok
test discover::registry::parser::tests::parser_rejects_redirects_and_shell_grouping ... ok
test discover::registry::parser::tests::parser_rejects_substitutions_and_extended_forms ... ok
test discover::provider::tests::test_codex_discover_skips_unreadable_session_meta_and_keeps_valid_match ... ok
test discover::registry::tests::test_classify_cd_ignored ... ok
test discover::registry::tests::test_all_patterns_are_valid_regex ... ok
test discover::registry::tests::test_classify_docker_build ... ok
test discover::registry::tests::test_classify_cargo_check_all_targets ... ok
test discover::registry::tests::test_classify_cargo_clippy_savings ... ok
test discover::registry::tests::test_classify_diff ... ok
test discover::registry::tests::test_classify_cargo_fmt_passthrough ... ok
test discover::registry::tests::test_classify_aws_ec2 ... ok
test discover::registry::tests::test_classify_cargo_test_filter ... ok
test discover::registry::tests::test_classify_aws ... ok
test discover::registry::tests::test_classify_cargo_install ... ok
test discover::registry::tests::test_classify_cargo_check ... ok
test discover::registry::tests::test_classify_cat_file ... ok
test discover::registry::tests::test_classify_alt_tools ... ok
test discover::registry::tests::test_classify_docker_exec ... ok
test discover::registry::tests::test_classify_echo_ignored ... ok
test discover::registry::tests::test_classify_docker_run ... ok
test discover::registry::tests::test_classify_find_not_blocked_by_fi ... ok
test discover::registry::tests::test_classify_env_prefix_stripped ... ok
test discover::registry::tests::test_classify_gh_release ... ok
test discover::registry::tests::test_classify_git_diff_cached ... ok
test discover::registry::tests::test_classify_git_status ... ok
test discover::registry::tests::test_classify_go_build ... ok
test discover::registry::tests::test_classify_go_test ... ok
test discover::registry::tests::test_classify_go_vet ... ok
test discover::registry::tests::test_classify_golangci_lint ... ok
test discover::registry::tests::test_classify_mycelium_already ... ok
test discover::registry::tests::test_classify_kubectl_describe ... ok
test discover::registry::tests::test_classify_kubectl_apply ... ok
test discover::registry::tests::test_classify_mypy ... ok
test discover::registry::tests::test_classify_npx_tsc ... ok
test discover::registry::tests::test_classify_psql ... ok
test discover::registry::tests::test_classify_pip_list ... ok
test discover::registry::tests::test_classify_prisma ... ok
test discover::registry::tests::test_classify_psql_url ... ok
test discover::registry::tests::test_classify_pytest ... ok
test discover::registry::tests::test_classify_python3_m_pip_list ... ok
test discover::registry::tests::test_classify_python_m_mypy ... ok
test discover::registry::tests::test_classify_python3_m_pytest ... ok
test discover::registry::tests::test_classify_js_runner_prefixes ... ok
test discover::registry::tests::test_classify_ruff_check ... ok
test discover::registry::tests::test_classify_python_m_pytest ... ok
test discover::registry::tests::test_classify_ruff_format ... ok
test discover::registry::tests::test_classify_sudo_stripped ... ok
test discover::registry::tests::test_classify_task_runner_direct_exec_commands ... ok
test discover::registry::tests::test_classify_tree ... ok
test discover::registry::tests::test_classify_terraform_supported ... ok
test discover::registry::tests::test_display_command_for_discover_uses_wrapped_command ... ok
test discover::registry::tests::test_classify_uv_pip_list ... ok
test discover::registry::tests::test_fi_still_ignored_exact ... ok
test discover::registry::tests::test_done_still_ignored_exact ... ok
test discover::registry::tests::test_classify_vitest ... ok
test discover::registry::tests::test_patterns_rules_aligned_after_aws_psql ... ok
test discover::registry::tests::test_patterns_rules_length_match ... ok
test discover::registry::tests::test_rewrite_already_mycelium ... ok
test discover::registry::tests::test_rewrite_ansi_c_quoted_argument_stays_raw ... ok
test discover::registry::tests::test_registry_covers_all_git_subcommands ... ok
test discover::registry::tests::test_rewrite_aws ... ok
test discover::registry::tests::test_registry_covers_all_cargo_subcommands ... ok
test discover::registry::tests::test_rewrite_aws_ec2 ... ok
test discover::registry::tests::test_rewrite_background_does_not_affect_double_amp ... ok
test discover::registry::tests::test_rewrite_background_amp_non_regression ... ok
test discover::registry::tests::test_rewrite_alt_tools ... ok
test discover::registry::tests::test_rewrite_background_unsupported_right ... ok
test discover::registry::tests::test_rewrite_background_single_amp ... ok
test discover::registry::tests::test_rewrite_brace_group_stays_raw ... ok
test discover::registry::tests::test_rewrite_backticks_stay_raw ... ok
test discover::registry::tests::test_rewrite_cargo_test ... ok
test discover::registry::tests::test_rewrite_cargo_install ... ok
test discover::registry::tests::test_rewrite_cat_file ... ok
test discover::registry::tests::test_rewrite_command_substitution_stays_raw ... ok
test discover::registry::tests::test_rewrite_compound_all_unsupported_returns_none ... ok
test discover::registry::tests::test_rewrite_compound_and ... ok
test discover::registry::tests::test_rewrite_compound_diagnostic_and_supported_command ... ok
test discover::registry::tests::test_rewrite_compound_four_segments ... ok
test discover::registry::tests::test_rewrite_compound_mixed_supported_unsupported ... ok
test discover::registry::tests::test_rewrite_compound_or ... ok
test discover::registry::tests::test_rewrite_compound_partial_exclude ... ok
test discover::registry::tests::test_rewrite_compound_pipe_git_grep ... ok
test discover::registry::tests::test_rewrite_compound_preserves_mycelium_disabled_on_later_segment ... ok
test discover::registry::tests::test_rewrite_compound_pipe_raw_filter ... ok
test discover::registry::tests::test_rewrite_compound_semicolon ... ok
test discover::registry::tests::test_rewrite_compound_preserves_structured_gh_passthrough_on_later_segment ... ok
test discover::registry::tests::test_rewrite_diff ... ok
test discover::registry::tests::test_rewrite_compound_three_segments ... ok
test discover::registry::tests::test_rewrite_docker_compose_config_skipped ... ok
test discover::registry::tests::test_rewrite_docker_compose_down_skipped ... ok
test discover::registry::tests::test_rewrite_docker_compose_build ... ok
test discover::registry::tests::test_rewrite_docker_compose_logs ... ok
test discover::registry::tests::test_rewrite_docker_compose_up_skipped ... ok
test discover::registry::tests::test_rewrite_docker_compose_ps ... ok
test discover::registry::tests::test_rewrite_echo_piped_returns_none ... ok
test discover::registry::tests::test_rewrite_empty_returns_none ... ok
test discover::registry::tests::test_rewrite_empty_excludes_rewrites_curl ... ok
test discover::registry::tests::test_rewrite_docker_run ... ok
test discover::registry::tests::test_rewrite_env_prefixed_diagnostic_passthrough ... ok
test discover::registry::tests::test_rewrite_exclude_does_not_affect_other_commands ... ok
test discover::registry::tests::test_rewrite_env_var_prefix ... ok
test discover::registry::tests::test_rewrite_escaped_shell_metacharacters_still_rewrites ... ok
test discover::registry::tests::test_rewrite_excluded_command_with_env_prefix_stays_raw ... ok
test discover::registry::tests::test_rewrite_excluded_command_with_sudo_stays_raw ... ok
test discover::registry::tests::test_rewrite_excludes_curl ... ok
test discover::registry::tests::test_rewrite_find_complex_commands_stay_raw_even_with_fd ... ok
test discover::registry::tests::test_rewrite_find_uses_mycelium_find_when_fd_rewrite_disabled ... ok
test discover::registry::tests::test_rewrite_find_name_glob_prefers_fd_glob ... ok
test discover::registry::tests::test_rewrite_find_with_flags_prefers_fd_when_available ... ok
test discover::registry::tests::test_rewrite_find_with_flags ... ok
test discover::registry::tests::test_rewrite_gh_json_skipped ... ok
test discover::registry::tests::test_rewrite_gh_api_json_skipped ... ok
test discover::registry::tests::test_rewrite_gh_release ... ok
test discover::registry::tests::test_rewrite_gh_jq_skipped ... ok
test discover::registry::tests::test_rewrite_git_log ... ok
test discover::registry::tests::test_rewrite_gh_template_skipped ... ok
test discover::registry::tests::test_rewrite_gh_literal_json_argument_still_rewrites ... ok
test discover::registry::tests::test_rewrite_gh_without_json_still_works ... ok
test discover::registry::tests::test_rewrite_go_build ... ok
test discover::registry::tests::test_rewrite_git_status ... ok
test discover::registry::tests::test_rewrite_go_test ... ok
test discover::registry::tests::test_rewrite_go_vet ... ok
test discover::registry::tests::test_rewrite_golangci_lint ... ok
test discover::registry::tests::test_rewrite_head_no_flag_still_rewrites ... ok
test discover::registry::tests::test_rewrite_here_string_stays_raw ... ok
test discover::registry::tests::test_rewrite_heredoc_returns_none ... ok
test discover::registry::tests::test_rewrite_ignored_cd ... ok
test discover::registry::tests::test_rewrite_kubectl_describe ... ok
test discover::registry::tests::test_rewrite_literal_heredoc_and_arithmetic_markers_still_rewrites ... ok
test discover::registry::tests::test_rewrite_literal_mycelium_disabled_value_still_rewrites ... ok
test discover::registry::tests::test_rewrite_head_numeric_flag ... ok
test discover::registry::tests::test_rewrite_ls_with_flags_passthroughs_through_invoke ... ok
test discover::registry::tests::test_rewrite_js_runner_prefixes ... ok
test discover::registry::tests::test_rewrite_head_lines_long_flag ... ok
test discover::registry::tests::test_rewrite_literal_pipe_in_quoted_argument_still_rewrites ... ok
test discover::registry::tests::test_rewrite_mixed_compound_partial ... ok
test discover::registry::tests::test_rewrite_mycelium_disabled_curl ... ok
test discover::registry::tests::test_rewrite_head_other_flag_skipped ... ok
test discover::registry::tests::test_rewrite_mycelium_disabled_git_status ... ok
test discover::registry::tests::test_rewrite_nested_task_runner_structured_gh_stays_raw ... ok
test discover::registry::tests::test_rewrite_mycelium_disabled_multi_env ... ok
test discover::registry::tests::test_rewrite_next_build ... ok
test discover::registry::tests::test_rewrite_non_diagnostic_pipe_still_blocked ... ok
test discover::registry::tests::test_rewrite_non_mycelium_disabled_env_still_rewrites ... ok
test discover::registry::tests::test_rewrite_npx_playwright ... ok
test discover::registry::tests::test_rewrite_npx_tsc ... ok
test discover::registry::tests::test_rewrite_pip_list ... ok
test discover::registry::tests::test_rewrite_pip_outdated ... ok
test discover::registry::tests::test_rewrite_pipe_first_only ... ok
test discover::registry::tests::test_rewrite_pnpm_list ... ok
test discover::registry::tests::test_rewrite_pnpm_tsc ... ok
test discover::registry::tests::test_rewrite_pnpm_vitest ... ok
test discover::registry::tests::test_rewrite_prettier ... ok
test discover::registry::tests::test_rewrite_process_substitution_stays_raw ... ok
test discover::registry::tests::test_rewrite_prisma ... ok
test discover::registry::tests::test_rewrite_psql ... ok
test discover::registry::tests::test_rewrite_pytest ... ok
test discover::registry::tests::test_rewrite_python3_m_pip_list ... ok
test discover::registry::tests::test_rewrite_python3_m_pytest ... ok
test discover::registry::tests::test_rewrite_python_m_pytest ... ok
test discover::registry::tests::test_rewrite_python_m_pip_install ... ok
test discover::registry::tests::test_rewrite_redirect_2_gt_amp_1_trailing ... ok
test discover::registry::tests::test_rewrite_redirect_2_gt_amp_1_with_and ... ok
test discover::registry::tests::test_rewrite_redirect_2_gt_amp_1_with_pipe ... ok
test discover::registry::tests::test_rewrite_redirect_amp_gt_devnull ... ok
test discover::registry::tests::test_rewrite_redirect_plain_2_devnull ... ok
test discover::registry::tests::test_rewrite_rg_pattern ... ok
test discover::registry::tests::test_rewrite_ruff_check ... ok
test discover::registry::tests::test_rewrite_ruff_format ... ok
test discover::registry::tests::test_rewrite_stat_piped_head_returns_none ... ok
test discover::registry::tests::test_rewrite_safe_quoted_compound_list_still_rewrites ... ok
test discover::registry::tests::test_rewrite_subshell_group_stays_raw ... ok
test discover::registry::tests::test_rewrite_sudo_docker ... ok
test discover::registry::tests::test_rewrite_task_runner_ambiguous_commands_stay_raw ... ok
test discover::registry::tests::test_rewrite_tree ... ok
test discover::registry::tests::test_rewrite_task_runner_direct_exec_commands ... ok
test discover::registry::tests::test_rewrite_type_passthroughs_through_invoke ... ok
test discover::registry::tests::test_rewrite_uv_pip_list ... ok
test discover::registry::tests::test_rewrite_unsupported_returns_none ... ok
test discover::registry::tests::test_rewrite_which_piped_grep_returns_none ... ok
test discover::registry::tests::test_rewrite_which_passthroughs_through_invoke ... ok
test discover::registry::tests::test_rewrite_vitest ... ok
test discover::registry::tests::test_split_chain_and ... ok
test discover::registry::tests::test_rewrite_with_env_prefix ... ok
test discover::registry::tests::test_split_chain_semicolon ... ok
test discover::registry::tests::test_split_pipe_first_only ... ok
test discover::registry::tests::test_split_quoted_and ... ok
test discover::registry::tests::test_split_single ... ok
test discover::registry::tests::test_split_heredoc_no_split ... ok
test git_filters::diff::tests::test_compact_diff ... ok
test git_filters::diff::tests::test_compact_diff_aggressive_profile_truncates_sooner ... ok
test git_filters::diff::tests::test_compact_diff_debug_profile_preserves_more_lines ... ok
test git_filters::status::tests::test_filter_status_with_args ... ok
test git_filters::status::tests::test_filter_branch_no_remotes ... ok
test git_filters::status::tests::test_filter_branch_output ... ok
test git_filters::diff::tests::test_compact_diff_increased_hunk_limit ... ok
test git_filters::diff::tests::test_compact_diff_increased_total_limit ... ok
test git_filters::status::tests::test_filter_status_with_args_clean ... ok
test git_filters::diff::tests::test_compact_diff_truncates_extreme_hunks ... ok
test git_filters::status::tests::test_format_branch_structured_basic ... ok
test git_filters::diff::tests::test_compact_diff_token_savings ... ok
test git_filters::status::tests::test_format_branch_structured_many_remotes ... ok
test git_filters::status::tests::test_format_branch_structured_matches_legacy_output ... ok
test git_filters::status::tests::test_format_branch_structured_no_remotes ... ok
test git_filters::status::tests::test_format_status_output_75_file_budget ... ok
test git_filters::status::tests::test_format_status_output_clean ... ok
test git_filters::status::tests::test_format_status_output_aggressive_profile_truncates_earlier ... ok
test git_filters::status::tests::test_format_status_output_emoji_filename ... ok
test git_filters::status::tests::test_format_status_output_debug_profile_preserves_more_files ... ok
test git_filters::status::tests::test_format_status_output_mixed_changes ... ok
test git_filters::status::tests::test_format_status_output_modified_files ... ok
test git_filters::status::tests::test_format_status_output_thai_filename ... ok
test git_filters::status::tests::test_format_status_output_truncation ... ok
test git_filters::status::tests::test_format_status_output_untracked_files ... ok
test git_filters::status::tests::test_format_worktree_porcelain_bare ... ok
test git_filters::status::tests::test_format_worktree_porcelain_basic ... ok
test git_filters::status::tests::test_format_worktree_porcelain_detached_head ... ok
test git_filters::status::tests::test_format_worktree_porcelain_home_shortening ... ok
test git_filters::status::tests::test_format_worktree_porcelain_no_trailing_newline ... ok
test git_filters::tests::test_filter_log_output ... ok
test git_filters::tests::test_filter_log_output_cap_lines ... ok
test git_filters::tests::test_filter_log_output_emoji ... ok
test git_filters::tests::test_filter_log_output_multibyte ... ok
test git_filters::tests::test_filter_log_output_truncate_long ... ok
test git_filters::tests::test_filter_log_output_token_savings ... ok
test git_filters::tests::test_filter_stash_list ... ok
test git_filters::tests::test_filter_stash_list_token_savings ... ok
test git_filters::tests::test_filter_worktree_list ... ok
test git_filters::tests::test_filter_worktree_list_token_savings ... ok
test git_filters::tests::test_is_blob_show_arg ... ok
test learn::corrections_store::tests::test_apply_correction_match ... ok
test learn::corrections_store::tests::test_apply_correction_trims_whitespace ... ok
test learn::report::tests::test_format_console_report_empty ... ok
test learn::report::tests::test_format_console_report_with_rules ... ok
test learn::corrections_store::tests::test_load_missing_file_returns_empty ... ok
test learn::detector::tests::test_deduplicate_corrections_keeps_distinct ... ok
test learn::detector::tests::test_deduplicate_corrections_merges_same ... ok
test learn::types::tests::test_command_similarity_same_base ... ok
test learn::types::tests::test_extract_base_command ... ok
test learn::detector::tests::test_find_corrections_path_exploration ... ok
test learn::corrections_store::tests::test_roundtrip_write_load ... ok
test learn::types::tests::test_is_command_error_requires_error_content ... ok
test learn::types::tests::test_is_command_error_filters_user_rejection ... ok
test learn::report::tests::test_write_rules_file_markdown ... ok
test learn::types::tests::test_is_command_error_requires_error_flag ... ok
test platform::tests::test_claude_paths_shape ... ok
test platform::tests::test_mycelium_config_dir_shape ... ok
test platform::tests::test_mycelium_data_dir_shape ... ok
test learn::detector::tests::test_find_corrections_window_limit ... ok
test learn::detector::tests::test_find_corrections_min_confidence ... ok
test learn::detector::tests::test_find_corrections_basic ... ok
test learn::types::tests::test_classify_error_unknown_flag ... ok
test platform::tests::test_render_shell_command_escapes_single_quotes ... ok
test platform::tests::test_render_shell_command_keeps_simple_arguments_unquoted ... ok
test platform::tests::test_split_env_paths_uses_platform_separator ... ok
test platform::tests::test_render_shell_command_quotes_arguments_with_spaces ... ok
test learn::types::tests::test_classify_error_command_not_found ... ok
test plugin::tests::test_find_plugin_returns_none_when_dir_missing ... ok
test plugin::tests::test_is_secure_missing_file_returns_false ... ok
test platform::tests::test_command_path_finds_executable_on_path ... ok
test plugin::tests::test_candidate_plugin_paths_prefers_shell_script_then_bare ... ok
test plugin::tests::test_find_plugin_returns_none_when_disabled ... ok
test plugin::tests::test_is_secure_accepts_owner_only_write ... ok
test plugin::tests::test_find_plugin_discovers_sh_extension ... ok
test tee::tests::test_format_hint ... ok
test plugin::tests::test_is_secure_rejects_world_writable ... ok
test tee::tests::test_sanitize_slug ... ok
test tee::tests::test_should_tee_never_mode ... ok
test tee::tests::test_should_tee_skip_small_output ... ok
test tee::tests::test_should_tee_always_mode_success ... ok
test tee::tests::test_should_tee_disabled ... ok
test tee::tests::test_should_tee_proceed_on_failure ... ok
test tee::tests::test_should_tee_skip_success_in_failures_mode ... ok
test tee::tests::test_tee_config_default ... ok
test tee::tests::test_tee_mode_serde ... ok
test plugin::tests::test_find_plugin_ignores_non_executable ... ok
test tee::tests::test_tee_config_deserialize ... ok
test tracking::tests::test_args_display ... ok
test plugin::tests::test_find_plugin_discovers_bare_name ... ok
test tracking::tests::test_custom_db_path_env ... ok
test tracking::tests::test_default_db_path ... ok
test tracking::tests::test_estimate_tokens ... ok
test learn::detector::tests::test_find_corrections_excludes_tdd_cycle ... ok
test plugin::tests::test_find_plugin_sh_preferred_over_bare ... ok
test learn::types::tests::test_classify_error_all_types ... ok
test tee::tests::test_write_tee_file_creates_file ... ok
test tracking::tests::test_current_project_path_string_honors_env_override ... ok
test tracking::tests::test_current_runtime_session_id_honors_claude_env ... ok
test tracking::tests::test_project_filter_params_glob_pattern ... ok
test tracking::tests::test_project_filter_params_none ... ok
test tee::tests::test_write_tee_file_truncation ... ok
test tracking::tests::test_project_filter_params_underscore_safe ... ok
test tracking::tests::test_resolve_db_path_info_override ... ok
test tee::tests::test_cleanup_old_files ... ok
test tracking::tests::test_get_by_command_limited_honors_limit ... ok
test tracking::tests::test_get_by_project ... ok
test git_filters::tests::test_filter_stash_list_snapshot ... ok
test tracking::tests::test_get_passthrough_summary_filtered_groups_passthrough_commands ... ok
test tracking::tests::test_get_passthrough_summary_filtered_respects_project_scope ... ok
test tracking::tests::test_parse_failure_recovery_rate ... ok
test tracking::tests::test_parse_failure_roundtrip ... ok
test tracking::tests::test_parse_failure_summary_filtered_respects_project_scope ... ok
test tracking::tests::test_resolve_db_path_info_env ... ok
test tracking::tests::test_record_summary_roundtrip ... ok
test tracking::tests::test_telemetry_summary_surface_orders_command_breakdown_deterministically ... ok
test tracking::tests::test_telemetry_summary_surface_orders_parse_failures_deterministically ... ok
test tracking::tests::test_timed_execution_passthrough ... ok
test tracking::tests::test_timed_execution_records_time ... ok
test tracking::tests::test_track_passthrough_no_dilution ... ok
test tracking::tests::test_tracker_applies_sqlite_pragmas ... ok
test tracking::tests::test_tracker_recent_detailed_includes_runtime_session_id_when_available ... ok
test tracking::tests::test_tracker_recent_detailed_includes_token_counts_and_project_path ... ok
test tracking::tests::test_tracker_record_and_recent ... ok

test result: ok. 364 passed; 0 failed; 0 ignored; 0 measured; 0 filtered out; finished in 0.11s

     Running unittests src/main.rs (target/debug/deps/mycelium-6eb852dbaf4b526a)

running 1110 tests
test atmos_cmd::tests::test_build_subcommand_args ... ok
test atmos_cmd::tests::test_filter_validate_success ... ok
test atmos_cmd::tests::test_filter_validate_errors_only ... ok
test atmos_cmd::tests::test_filter_structured_output_truncates_large_documents ... ok
test aws_cmd::cloudformation::tests::test_filter_cfn_describe_stacks_no_outputs ... ok
test aws_cmd::cloudformation::tests::test_filter_cfn_describe_stacks_with_outputs ... ok
test aws_cmd::cloudformation::tests::test_filter_cfn_list_stacks_token_savings ... ok
test aws_cmd::cloudformation::tests::test_filter_cfn_list_stacks ... ok
test aws_cmd::cloudformation::tests::test_filter_cfn_describe_stacks_token_savings ... ok
test aws_cmd::ec2::tests::test_filter_ec2_instances ... ok
test aws_cmd::ec2::tests::test_ec2_token_savings ... ok
test aws_cmd::ec2::tests::test_filter_ec2_invalid_json ... ok
test aws_cmd::ec2::tests::test_filter_ec2_no_name_tag ... ok
test aws_cmd::ec2::tests::test_snapshot_ec2_instances ... ok
test aws_cmd::ecs::tests::test_filter_ecs_describe_services ... ok
test aws_cmd::ecs::tests::test_filter_ecs_describe_services_token_savings ... ok
test aws_cmd::ecs::tests::test_filter_ecs_list_services ... ok
test aws_cmd::ecs::tests::test_filter_ecs_list_services_token_savings ... ok
test aws_cmd::rds::tests::test_filter_rds_instances ... ok
test aws_cmd::rds::tests::test_filter_rds_instances_token_savings ... ok
test aws_cmd::rds::tests::test_rds_overflow ... ok
test aws_cmd::s3::tests::test_filter_s3_ls_basic ... ok
test aws_cmd::s3::tests::test_filter_s3_ls_overflow ... ok
test aws_cmd::sts::tests::test_filter_sts_identity ... ok
test aws_cmd::s3::tests::test_filter_s3_ls_token_savings ... ok
test aws_cmd::sts::tests::test_filter_sts_identity_invalid_json ... ok
test aws_cmd::sts::tests::test_filter_sts_identity_missing_fields ... ok
test aws_cmd::sts::tests::test_snapshot_sts_identity ... ok
test aws_cmd::sts::tests::test_sts_token_savings ... ok
test benchmark_cmd::tests::test_current_binary_resolves ... ok
test benchmark_cmd::tests::test_estimate_tokens ... ok
test cargo_cmd::tests::test_restore_double_dash_clippy ... ok
test cargo_cmd::tests::test_restore_double_dash_empty_args ... ok
test cargo_cmd::tests::test_restore_double_dash_with_separator ... ok
test cargo_cmd::tests::test_restore_double_dash_with_test_name ... ok
test cargo_cmd::tests::test_restore_double_dash_without_separator ... ok
test cargo_filters::build::tests::test_cargo_build_token_savings ... ok
test cargo_filters::build::tests::test_filter_cargo_build_success ... ok
test cargo_filters::build::tests::test_filter_cargo_build_errors ... ok
test cargo_filters::build::tests::test_cargo_clippy_token_savings ... ok
test cargo_filters::build::tests::test_filter_cargo_clippy_clean ... ok
test cargo_filters::build::tests::test_filter_cargo_clippy_warnings ... ok
test cargo_filters::install::tests::test_filter_cargo_install_already_installed ... ok
test cargo_filters::install::tests::test_filter_cargo_install_empty_output ... ok
test cargo_filters::install::tests::test_filter_cargo_install_error ... ok
test cargo_filters::install::tests::test_cargo_install_token_savings ... ok
test cargo_filters::install::tests::test_filter_cargo_install_from_path ... ok
test cargo_filters::install::tests::test_filter_cargo_install_locking_and_blocking ... ok
test cargo_filters::install::tests::test_filter_cargo_install_multiple_errors ... ok
test cargo_filters::install::tests::test_filter_cargo_install_path_warning ... ok
test cargo_filters::install::tests::test_filter_cargo_install_replace ... ok
test cargo_filters::install::tests::test_filter_cargo_install_success ... ok
test cargo_filters::install::tests::test_filter_cargo_install_up_to_date ... ok
test cargo_filters::shared::tests::test_format_crate_info ... ok
test cargo_filters::nextest::tests::test_filter_cargo_nextest_empty ... ok
test cargo_filters::nextest::tests::test_filter_cargo_nextest_summary_regex_fallback ... ok
test cargo_filters::nextest::tests::test_filter_cargo_nextest_compilation_stripped ... ok
test cargo_filters::nextest::tests::test_filter_cargo_nextest_all_pass ... ok
test cargo_filters::nextest::tests::test_filter_cargo_nextest_single_failure_detail ... ok
test cargo_filters::nextest::tests::test_filter_cargo_nextest_cancellation_notice ... ok
test cargo_filters::test::tests::test_filter_cargo_test_all_pass ... ok
test cargo_filters::test::tests::test_filter_cargo_test_all_suites_zero_tests ... ok
test cargo_filters::nextest::tests::test_filter_cargo_nextest_with_skipped ... ok
test cargo_filters::nextest::tests::test_filter_cargo_nextest_with_failures ... ok
test cargo_filters::test::tests::test_filter_cargo_test_failures ... ok
test cargo_filters::test::tests::test_filter_cargo_test_multi_suite_with_failures ... ok
test cargo_filters::nextest::tests::test_cargo_nextest_token_savings ... ok
test cargo_filters::nextest::tests::test_filter_cargo_nextest_multiple_binaries ... ok
test cargo_filters::test::tests::test_filter_cargo_test_regex_fallback ... ok
test cargo_filters::test::tests::test_filter_cargo_test_multi_suite_all_pass ... ok
test cargo_filters::test::tests::test_filter_cargo_test_show_passing_with_failures ... ok
test cargo_filters::test::tests::test_filter_cargo_test_show_passing_true ... ok
test cc_economics::merge::tests::test_compute_totals ... ok
test cc_economics::merge::tests::test_convert_saturday_to_monday ... ok
test cc_economics::merge::tests::test_merge_monthly_both_present ... ok
test cargo_filters::test::tests::test_filter_cargo_test_show_passing_false ... ok
test cc_economics::merge::tests::test_merge_monthly_only_ccusage ... ok
test cargo_filters::test::tests::test_filter_cargo_test_single_suite_compact ... ok
test cc_economics::merge::tests::test_merge_monthly_only_mycelium ... ok
test cc_economics::merge::tests::test_merge_monthly_sorted ... ok
test cc_economics::models::tests::test_compute_dual_metrics_no_ccusage_data ... ok
test cc_economics::models::tests::test_compute_dual_metrics_with_data ... ok
test cc_economics::models::tests::test_compute_dual_metrics_zero_tokens ... ok
test cargo_filters::test::tests::test_filter_cargo_test_with_ignored_and_filtered ... ok
test cc_economics::models::tests::test_compute_weighted_input_cpt ... ok
test cc_economics::models::tests::test_compute_weighted_metrics_no_cache ... ok
test cc_economics::models::tests::test_compute_weighted_metrics_zero_tokens ... ok
test cc_economics::models::tests::test_period_economics_new ... ok
test cc_economics::models::tests::test_set_ccusage_stores_per_type_tokens ... ok
test ccusage::tests::test_parse_daily_valid ... ok
test ccusage::tests::test_parse_default_cache_fields ... ok
test ccusage::tests::test_parse_missing_required_fields ... ok
test ccusage::tests::test_parse_malformed_json ... ok
test ccusage::tests::test_parse_monthly_valid ... ok
test ccusage::tests::test_parse_weekly_valid ... ok
test commands::tests::test_gain_diagnostics_conflicts_with_format ... ok
test commands::tests::test_cc_economics_project_flag_parses ... ok
test commands::tests::test_cc_economics_project_path_parses ... ok
test commands::tests::test_gain_diagnostics_flag_parses ... ok
test commands::tests::test_gain_project_bare_flag_parses ... ok
test commands::tests::test_cc_economics_alias_still_parses ... ok
test commands::tests::test_gain_limit_flag_parses ... ok
test commands::tests::test_gain_project_all_parses ... ok
test commands::tests::test_gain_diagnostics_conflicts_with_history ... ok
test commands::tests::test_gain_diagnostics_explain_flag_requires_diagnostics ... ok
test commands::tests::test_gain_no_project_flag_is_none ... ok
test commands::tests::test_gain_project_name_parses ... ok
test commands::tests::test_gain_project_short_flag_parses ... ok
test commands::tests::test_init_onboard_parses ... ok
test config::tests::test_filter_config_default_cargo ... ok
test config::tests::test_filter_config_default_git ... ok
test config::tests::test_filter_config_default_profile ... ok
test config::tests::test_config_without_hooks_section_is_valid ... ok
test config::tests::test_cargo_filter_config_defaults ... ok
test config::tests::test_adaptive_config_overrides_profile_thresholds ... ok
test commands::tests::test_gain_project_conflicts_with_project_path ... ok
test config::tests::test_filter_config_profile_deserialize ... ok
test commands::tests::test_invoke_command_parses ... ok
test config::tests::test_filter_config_without_git_cargo_sections ... ok
test commands::tests::test_rewrite_explain_flag_parses ... ok
test config::tests::test_cargo_filter_config_deserialize_custom ... ok
test config::tests::test_git_filter_config_defaults ... ok
test config::tests::test_hooks_config_default_empty ... ok
test config::tests::test_git_filter_config_deserialize_custom ... ok
test config::tests::test_hooks_config_deserialize ... ok
test commands::tests::test_invoke_preserves_single_argument_with_spaces ... ok
test config::tests::test_hyphae_config_absent_is_none ... ok
test config::tests::test_hyphae_and_rhizome_together ... ok
test config::tests::test_hyphae_config_enabled_false ... ok
test config::tests::test_rhizome_config_absent_is_none ... ok
test config::tests::test_hyphae_config_enabled_true ... ok
test config::tests::test_rhizome_config_enabled_false ... ok
test config::tests::test_rhizome_config_enabled_true ... ok
test config::tests::test_summary_config_custom_threshold ... ok
test config::tests::test_summary_config_absent_is_none ... ok
test container_cmd::compose::tests::test_compose_ps_token_savings ... ok
test container_cmd::compose::tests::test_format_compose_build_empty ... ok
test container_cmd::compose::tests::test_format_compose_build_basic ... ok
test container_cmd::compose::tests::test_format_compose_logs_empty ... ok
test commands::tests::test_init_hook_modes_still_parse ... ok
test container_cmd::compose::tests::test_format_compose_ps_basic ... ok
test container_cmd::compose::tests::test_format_compose_ps_empty ... ok
test container_cmd::compose::tests::test_format_compose_ps_long_image_path ... ok
test container_cmd::compose::tests::test_format_compose_ps_exited_service ... ok
test container_cmd::compose::tests::test_format_compose_ps_no_ports ... ok
test container_cmd::compose::tests::test_format_compose_ps_whitespace_only ... ok
test container_cmd::docker::tests::test_compact_ports_empty ... ok
test container_cmd::docker::tests::test_compact_ports_many ... ok
test container_cmd::docker::tests::test_compact_ports_single ... ok
test container_cmd::docker::tests::test_docker_ps_token_savings ... ok
test curl_cmd::tests::test_empty_input ... ok
test curl_cmd::tests::test_filter_curl_json_array ... ok
test curl_cmd::tests::test_filter_curl_json ... ok
test curl_cmd::tests::test_filter_curl_json_small_returns_original ... ok
test curl_cmd::tests::test_filter_curl_long_output ... ok
test curl_cmd::tests::test_filter_curl_non_json ... ok
test commands::tests::test_removed_init_setup_flags_are_rejected ... ok
test discover::provider::tests::test_codex_project_filter_matches_path_boundaries ... ok
test discover::provider::tests::test_encode_project_path_trailing_slash ... ok
test discover::provider::tests::test_codex_source_label ... ok
test discover::provider::tests::test_encode_project_path ... ok
test discover::provider::tests::test_extract_non_bash_ignored ... ok
test discover::provider::tests::test_extract_is_error_flag ... ok
test discover::provider::tests::test_extract_assistant_bash ... ok
test discover::provider::tests::test_extract_multiple_tools ... ok
test discover::provider::tests::test_codex_extract_exec_command ... ok
test discover::provider::tests::test_extract_malformed_line ... ok
test discover::provider::tests::test_project_filter_for_source_defaults ... ok
test discover::provider::tests::test_extract_non_message_ignored ... ok
test discover::provider::tests::test_match_project_filter ... ok
test discover::provider::tests::test_extract_output_content ... ok
test discover::provider::tests::test_extract_sequence_ordering ... ok
test container_cmd::compose::tests::test_format_compose_logs_basic ... ok
test discover::registry::tests::test_all_rules_have_valid_mycelium_cmd ... ok
test discover::registry::parser::tests::parser_allows_safe_compound_list ... ok
test discover::registry::parser::tests::parser_rejects_substitutions_and_extended_forms ... ok
test discover::registry::parser::tests::parser_rejects_redirects_and_shell_grouping ... ok
test discover::provider::tests::test_codex_discover_skips_unreadable_session_meta_and_keeps_valid_match ... ok
test discover::registry::tests::test_all_patterns_are_valid_regex ... ok
test discover::registry::tests::test_classify_aws ... ok
test discover::registry::tests::test_classify_cargo_test_filter ... ok
test discover::registry::tests::test_classify_cargo_check ... ok
test discover::registry::tests::test_classify_cargo_check_all_targets ... ok
test discover::registry::tests::test_classify_aws_ec2 ... ok
test discover::registry::tests::test_classify_cargo_clippy_savings ... ok
test discover::registry::tests::test_classify_cargo_fmt_passthrough ... ok
test discover::registry::tests::test_classify_cargo_install ... ok
test discover::registry::tests::test_classify_alt_tools ... ok
test discover::registry::tests::test_classify_cd_ignored ... ok
test discover::registry::tests::test_classify_cat_file ... ok
test discover::registry::tests::test_classify_echo_ignored ... ok
test discover::registry::tests::test_classify_docker_run ... ok
test discover::registry::tests::test_classify_diff ... ok
test discover::registry::tests::test_classify_docker_build ... ok
test discover::registry::tests::test_classify_docker_exec ... ok
test discover::registry::tests::test_classify_env_prefix_stripped ... ok
test discover::registry::tests::test_classify_gh_release ... ok
test discover::registry::tests::test_classify_find_not_blocked_by_fi ... ok
test discover::registry::tests::test_classify_go_build ... ok
test discover::registry::tests::test_classify_git_status ... ok
test discover::registry::tests::test_classify_git_diff_cached ... ok
test discover::registry::tests::test_classify_go_test ... ok
test discover::registry::tests::test_classify_go_vet ... ok
test discover::registry::tests::test_classify_golangci_lint ... ok
test discover::registry::tests::test_classify_mycelium_already ... ok
test discover::registry::tests::test_classify_kubectl_apply ... ok
test discover::registry::tests::test_classify_kubectl_describe ... ok
test discover::registry::tests::test_classify_mypy ... ok
test discover::registry::tests::test_classify_pip_list ... ok
test discover::registry::tests::test_classify_npx_tsc ... ok
test discover::registry::tests::test_classify_js_runner_prefixes ... ok
test discover::registry::tests::test_classify_prisma ... ok
test discover::registry::tests::test_classify_psql_url ... ok
test discover::registry::tests::test_classify_psql ... ok
test discover::registry::tests::test_classify_pytest ... ok
test discover::registry::tests::test_classify_python3_m_pip_list ... ok
test discover::registry::tests::test_classify_python3_m_pytest ... ok
test discover::registry::tests::test_classify_python_m_mypy ... ok
test discover::registry::tests::test_classify_python_m_pytest ... ok
test discover::registry::tests::test_classify_ruff_check ... ok
test discover::registry::tests::test_classify_ruff_format ... ok
test discover::registry::tests::test_classify_terraform_supported ... ok
test discover::registry::tests::test_classify_tree ... ok
test discover::registry::tests::test_classify_sudo_stripped ... ok
test discover::registry::tests::test_classify_task_runner_direct_exec_commands ... ok
test discover::registry::tests::test_classify_vitest ... ok
test discover::registry::tests::test_classify_uv_pip_list ... ok
test discover::registry::tests::test_display_command_for_discover_uses_wrapped_command ... ok
test discover::registry::tests::test_done_still_ignored_exact ... ok
test discover::registry::tests::test_fi_still_ignored_exact ... ok
test discover::registry::tests::test_patterns_rules_aligned_after_aws_psql ... ok
test discover::registry::tests::test_patterns_rules_length_match ... ok
test discover::registry::tests::test_registry_covers_all_cargo_subcommands ... ok
test discover::registry::tests::test_registry_covers_all_git_subcommands ... ok
test discover::registry::tests::test_rewrite_already_mycelium ... ok
test discover::registry::tests::test_rewrite_ansi_c_quoted_argument_stays_raw ... ok
test discover::registry::tests::test_rewrite_aws ... ok
test discover::registry::tests::test_rewrite_alt_tools ... ok
test discover::registry::tests::test_rewrite_aws_ec2 ... ok
test discover::registry::tests::test_rewrite_background_amp_non_regression ... ok
test discover::registry::tests::test_rewrite_background_does_not_affect_double_amp ... ok
test discover::registry::tests::test_rewrite_background_single_amp ... ok
test discover::registry::tests::test_rewrite_background_unsupported_right ... ok
test discover::registry::tests::test_rewrite_backticks_stay_raw ... ok
test discover::registry::tests::test_rewrite_cargo_install ... ok
test discover::registry::tests::test_rewrite_brace_group_stays_raw ... ok
test discover::registry::tests::test_rewrite_cargo_test ... ok
test discover::registry::tests::test_rewrite_command_substitution_stays_raw ... ok
test discover::registry::tests::test_rewrite_cat_file ... ok
test discover::registry::tests::test_rewrite_compound_all_unsupported_returns_none ... ok
test discover::registry::tests::test_rewrite_compound_and ... ok
test discover::registry::tests::test_rewrite_compound_diagnostic_and_supported_command ... ok
test discover::registry::tests::test_rewrite_compound_four_segments ... ok
test discover::registry::tests::test_rewrite_compound_mixed_supported_unsupported ... ok
test discover::registry::tests::test_rewrite_compound_partial_exclude ... ok
test discover::registry::tests::test_rewrite_compound_pipe_git_grep ... ok
test discover::registry::tests::test_rewrite_compound_pipe_raw_filter ... ok
test discover::registry::tests::test_rewrite_compound_preserves_mycelium_disabled_on_later_segment ... ok
test discover::registry::tests::test_rewrite_compound_preserves_structured_gh_passthrough_on_later_segment ... ok
test discover::registry::tests::test_rewrite_compound_or ... ok
test discover::registry::tests::test_rewrite_compound_three_segments ... ok
test discover::registry::tests::test_rewrite_diff ... ok
test discover::registry::tests::test_rewrite_compound_semicolon ... ok
test discover::registry::tests::test_rewrite_docker_compose_build ... ok
test discover::registry::tests::test_rewrite_docker_compose_config_skipped ... ok
test discover::registry::tests::test_rewrite_docker_compose_down_skipped ... ok
test discover::registry::tests::test_rewrite_docker_compose_ps ... ok
test discover::registry::tests::test_rewrite_docker_compose_logs ... ok
test discover::registry::tests::test_rewrite_docker_compose_up_skipped ... ok
test discover::registry::tests::test_rewrite_docker_run ... ok
test discover::registry::tests::test_rewrite_echo_piped_returns_none ... ok
test discover::registry::tests::test_rewrite_empty_excludes_rewrites_curl ... ok
test discover::registry::tests::test_rewrite_empty_returns_none ... ok
test discover::registry::tests::test_rewrite_env_prefixed_diagnostic_passthrough ... ok
test discover::registry::tests::test_rewrite_excluded_command_with_env_prefix_stays_raw ... ok
test discover::registry::tests::test_rewrite_escaped_shell_metacharacters_still_rewrites ... ok
test discover::registry::tests::test_rewrite_env_var_prefix ... ok
test discover::registry::tests::test_rewrite_exclude_does_not_affect_other_commands ... ok
test discover::registry::tests::test_rewrite_excluded_command_with_sudo_stays_raw ... ok
test discover::registry::tests::test_rewrite_excludes_curl ... ok
test discover::registry::tests::test_rewrite_find_complex_commands_stay_raw_even_with_fd ... ok
test discover::registry::tests::test_rewrite_find_uses_mycelium_find_when_fd_rewrite_disabled ... ok
test discover::registry::tests::test_rewrite_find_with_flags_prefers_fd_when_available ... ok
test discover::registry::tests::test_rewrite_find_name_glob_prefers_fd_glob ... ok
test discover::registry::tests::test_rewrite_find_with_flags ... ok
test discover::registry::tests::test_rewrite_gh_api_json_skipped ... ok
test discover::registry::tests::test_rewrite_gh_jq_skipped ... ok
test discover::registry::tests::test_rewrite_gh_json_skipped ... ok
test discover::registry::tests::test_rewrite_gh_literal_json_argument_still_rewrites ... ok
test discover::registry::tests::test_rewrite_gh_release ... ok
test discover::registry::tests::test_rewrite_gh_template_skipped ... ok
test discover::registry::tests::test_rewrite_git_log ... ok
test discover::registry::tests::test_rewrite_gh_without_json_still_works ... ok
test discover::registry::tests::test_rewrite_git_status ... ok
test discover::registry::tests::test_rewrite_go_build ... ok
test discover::registry::tests::test_rewrite_go_test ... ok
test discover::registry::tests::test_rewrite_go_vet ... ok
test discover::registry::tests::test_rewrite_golangci_lint ... ok
test discover::registry::tests::test_rewrite_head_no_flag_still_rewrites ... ok
test discover::registry::tests::test_rewrite_heredoc_returns_none ... ok
test discover::registry::tests::test_rewrite_here_string_stays_raw ... ok
test discover::registry::tests::test_rewrite_ignored_cd ... ok
test discover::registry::tests::test_rewrite_kubectl_describe ... ok
test discover::registry::tests::test_rewrite_literal_mycelium_disabled_value_still_rewrites ... ok
test discover::registry::tests::test_rewrite_ls_with_flags_passthroughs_through_invoke ... ok
test discover::registry::tests::test_rewrite_literal_heredoc_and_arithmetic_markers_still_rewrites ... ok
test discover::registry::tests::test_rewrite_literal_pipe_in_quoted_argument_still_rewrites ... ok
test discover::registry::tests::test_rewrite_head_numeric_flag ... ok
test discover::registry::tests::test_rewrite_mixed_compound_partial ... ok
test discover::registry::tests::test_rewrite_mycelium_disabled_curl ... ok
test discover::registry::tests::test_rewrite_mycelium_disabled_git_status ... ok
test discover::registry::tests::test_rewrite_mycelium_disabled_multi_env ... ok
test discover::registry::tests::test_rewrite_js_runner_prefixes ... ok
test discover::registry::tests::test_rewrite_nested_task_runner_structured_gh_stays_raw ... ok
test discover::registry::tests::test_rewrite_head_lines_long_flag ... ok
test discover::registry::tests::test_rewrite_head_other_flag_skipped ... ok
test discover::registry::tests::test_rewrite_next_build ... ok
test discover::registry::tests::test_rewrite_non_diagnostic_pipe_still_blocked ... ok
test discover::registry::tests::test_rewrite_non_mycelium_disabled_env_still_rewrites ... ok
test discover::registry::tests::test_rewrite_npx_tsc ... ok
test discover::registry::tests::test_rewrite_npx_playwright ... ok
test discover::registry::tests::test_rewrite_pip_list ... ok
test discover::registry::tests::test_rewrite_pip_outdated ... ok
test discover::registry::tests::test_rewrite_pipe_first_only ... ok
test discover::registry::tests::test_rewrite_pnpm_list ... ok
test discover::registry::tests::test_rewrite_pnpm_tsc ... ok
test discover::registry::tests::test_rewrite_prettier ... ok
test discover::registry::tests::test_rewrite_pnpm_vitest ... ok
test discover::registry::tests::test_rewrite_process_substitution_stays_raw ... ok
test discover::registry::tests::test_rewrite_prisma ... ok
test discover::registry::tests::test_rewrite_psql ... ok
test discover::registry::tests::test_rewrite_pytest ... ok
test discover::registry::tests::test_rewrite_python3_m_pytest ... ok
test discover::registry::tests::test_rewrite_python3_m_pip_list ... ok
test discover::registry::tests::test_rewrite_python_m_pip_install ... ok
test discover::registry::tests::test_rewrite_python_m_pytest ... ok
test discover::registry::tests::test_rewrite_redirect_2_gt_amp_1_trailing ... ok
test discover::registry::tests::test_rewrite_redirect_2_gt_amp_1_with_and ... ok
test discover::registry::tests::test_rewrite_redirect_2_gt_amp_1_with_pipe ... ok
test discover::registry::tests::test_rewrite_redirect_amp_gt_devnull ... ok
test discover::registry::tests::test_rewrite_redirect_plain_2_devnull ... ok
test discover::registry::tests::test_rewrite_ruff_check ... ok
test discover::registry::tests::test_rewrite_rg_pattern ... ok
test discover::registry::tests::test_rewrite_stat_piped_head_returns_none ... ok
test discover::registry::tests::test_rewrite_subshell_group_stays_raw ... ok
test discover::registry::tests::test_rewrite_safe_quoted_compound_list_still_rewrites ... ok
test discover::registry::tests::test_rewrite_sudo_docker ... ok
test discover::registry::tests::test_rewrite_ruff_format ... ok
test discover::registry::tests::test_rewrite_task_runner_ambiguous_commands_stay_raw ... ok
test discover::registry::tests::test_rewrite_task_runner_direct_exec_commands ... ok
test discover::registry::tests::test_rewrite_tree ... ok
test discover::registry::tests::test_rewrite_type_passthroughs_through_invoke ... ok
test discover::registry::tests::test_rewrite_unsupported_returns_none ... ok
test discover::registry::tests::test_rewrite_uv_pip_list ... ok
test discover::registry::tests::test_rewrite_which_passthroughs_through_invoke ... ok
test discover::registry::tests::test_rewrite_vitest ... ok
test discover::registry::tests::test_rewrite_with_env_prefix ... ok
test discover::registry::tests::test_rewrite_which_piped_grep_returns_none ... ok
test discover::registry::tests::test_split_chain_and ... ok
test discover::registry::tests::test_split_chain_semicolon ... ok
test discover::registry::tests::test_split_heredoc_no_split ... ok
test discover::registry::tests::test_split_pipe_first_only ... ok
test discover::registry::tests::test_split_quoted_and ... ok
test discover::registry::tests::test_split_single ... ok
test display_helpers::file_grouper::tests::test_empty_grouper ... ok
test display_helpers::file_grouper::tests::test_items_per_file_truncation ... ok
test display_helpers::file_grouper::tests::test_max_files_truncation ... ok
test display_helpers::file_grouper::tests::test_multiple_files_sorted ... ok
test display_helpers::file_grouper::tests::test_single_file ... ok
test display_helpers::tests::test_month_stats_trait ... ok
test display_helpers::tests::test_day_stats_trait ... ok
test display_helpers::tests::test_print_period_table_empty ... ok
test display_helpers::tests::test_week_stats_trait ... ok
test display_helpers::tests::test_print_period_table_with_data ... ok
test doctor_cmd::tests::test_config_path_best_effort_returns_some ... ok
test env_cmd::tests::test_mask_value_long ... ok
test env_cmd::tests::test_mask_value_short ... ok
test env_cmd::tests::test_categorization_helpers ... ok
test fileops::diff_cmd::tests::test_compute_diff_added_lines ... ok
test dispatch::routes::tests::test_git_status_is_operational ... ok
test fileops::diff_cmd::tests::test_compute_diff_identical ... ok
test dispatch::routes::tests::test_init_is_not_operational ... ok
test fileops::diff_cmd::tests::test_compute_diff_empty_inputs ... ok
test fileops::diff_cmd::tests::test_compute_diff_completely_different_line ... ok
test fileops::diff_cmd::tests::test_compute_diff_modified_line ... ok
test fileops::diff_cmd::tests::test_compute_diff_removed_lines ... ok
test fileops::diff_cmd::tests::test_condense_unified_diff_empty ... ok
test fileops::diff_cmd::tests::test_condense_unified_diff_multiple_files ... ok
test fileops::diff_cmd::tests::test_condense_unified_diff_single_file ... ok
test fileops::diff_cmd::tests::test_diff_token_savings ... ok
test fileops::diff_cmd::tests::test_similarity_completely_different ... ok
test fileops::diff_cmd::tests::test_similarity_empty_strings ... ok
test fileops::diff_cmd::tests::test_similarity_identical ... ok
test fileops::diff_cmd::tests::test_similarity_partial_overlap ... ok
test fileops::diff_cmd::tests::test_similarity_threshold_for_modified ... ok
test fileops::diff_cmd::tests::test_truncate_exact_length ... ok
test fileops::diff_cmd::tests::test_truncate_long_string ... ok
test fileops::diff_cmd::tests::test_truncate_short_string ... ok
test fileops::find_cmd::parser::tests::dot_becomes_star ... ok
test fileops::find_cmd::parser::tests::glob_match_complex ... ok
test fileops::find_cmd::parser::tests::glob_match_exact ... ok
test fileops::find_cmd::parser::tests::glob_match_question_mark ... ok
test fileops::find_cmd::parser::tests::glob_match_star_all ... ok
test fileops::find_cmd::parser::tests::glob_match_star_rs ... ok
test fileops::find_cmd::parser::tests::parse_empty_args ... ok
test fileops::find_cmd::parser::tests::parse_mycelium_syntax_pattern_and_path ... ok
test fileops::find_cmd::parser::tests::parse_mycelium_syntax_pattern_only ... ok
test fileops::find_cmd::parser::tests::parse_mycelium_syntax_with_flags ... ok
test fileops::find_cmd::parser::tests::parse_native_find_iname ... ok
test fileops::find_cmd::parser::tests::parse_native_find_name ... ok
test fileops::find_cmd::parser::tests::parse_native_find_maxdepth ... ok
test fileops::find_cmd::parser::tests::parse_native_find_name_and_type ... ok
test fileops::find_cmd::parser::tests::parse_native_find_name_is_case_sensitive ... ok
test fileops::find_cmd::parser::tests::parse_native_find_rejects_exec ... ok
test fileops::find_cmd::parser::tests::parse_native_find_no_path ... ok
test fileops::find_cmd::parser::tests::parse_native_find_rejects_not ... ok
test fileops::find_cmd::parser::tests::parse_native_find_type_d ... ok
test curl_cmd::tests::test_non_json_passthrough ... ok
test curl_cmd::tests::test_json_snapshot ... ok
test curl_cmd::tests::test_curl_large_json_truncates_values ... ok
test fileops::grep_cmd::tests::test_bre_alternation_translated ... ok
test fileops::grep_cmd::tests::test_clean_line ... ok
test fileops::grep_cmd::tests::test_clean_line_emoji ... ok
test fileops::grep_cmd::tests::test_clean_line_multibyte ... ok
test fileops::grep_cmd::tests::test_extra_args_accepted ... ok
test fileops::grep_cmd::tests::test_compact_path ... ok
test fileops::grep_cmd::tests::test_recursive_flag_stripped ... ok
test fileops::log_cmd::tests::test_analyze_logs ... ok
test fileops::log_cmd::tests::test_analyze_logs_multibyte ... ok
test fileops::ls_cmd::tests::test_compact_basic ... ok
test fileops::ls_cmd::tests::test_compact_empty ... ok
test fileops::ls_cmd::tests::test_compact_filters_noise ... ok
test fileops::ls_cmd::tests::test_compact_handles_filenames_with_spaces ... ok
test fileops::ls_cmd::tests::test_compact_show_all ... ok
test fileops::ls_cmd::tests::test_compact_summary ... ok
test fileops::ls_cmd::tests::test_compact_symlinks ... ok
test fileops::ls_cmd::tests::test_human_size ... ok
test fileops::ls_cmd::tests::test_ls_token_savings ... ok
test fileops::ls_cmd::tests::test_plan_ls_keeps_compact_mode_for_non_diagnostic_flags ... ok
test fileops::ls_cmd::tests::test_plan_ls_passthroughs_inode_and_size_flags ... ok
test fileops::ls_cmd::tests::test_plan_ls_passthroughs_long_listing_flags ... ok
test fileops::read_cmd::tests::test_read_rust_file ... ok
test fileops::read_cmd::tests::test_stdin_support_signature ... ok
test fileops::tree_cmd::tests::test_filter_handles_empty ... ok
test fileops::tree_cmd::tests::test_filter_preserves_structure ... ok
test fileops::tree_cmd::tests::test_filter_removes_summary ... ok
test fileops::tree_cmd::tests::test_filter_removes_trailing_empty_lines ... ok
test fileops::tree_cmd::tests::test_filter_summary_variations ... ok
test fileops::tree_cmd::tests::test_noise_dirs_constant ... ok
test fileops::tree_cmd::tests::test_tree_token_savings ... ok
test fileops::wc_cmd::tests::test_common_prefix ... ok
test fileops::wc_cmd::tests::test_deep_common_prefix ... ok
test fileops::wc_cmd::tests::test_detect_mode_full ... ok
test fileops::wc_cmd::tests::test_detect_mode_lines ... ok
test fileops::wc_cmd::tests::test_detect_mode_mixed ... ok
test fileops::wc_cmd::tests::test_detect_mode_separate_flags ... ok
test fileops::wc_cmd::tests::test_empty ... ok
test fileops::wc_cmd::tests::test_multi_file_full ... ok
test fileops::wc_cmd::tests::test_multi_file_lines ... ok
test fileops::wc_cmd::tests::test_no_common_prefix ... ok
test fileops::wc_cmd::tests::test_single_file_full ... ok
test fileops::wc_cmd::tests::test_single_file_lines_only ... ok
test fileops::wc_cmd::tests::test_single_file_words_only ... ok
test fileops::wc_cmd::tests::test_stdin_full ... ok
test fileops::wc_cmd::tests::test_stdin_lines ... ok
test fileops::wc_cmd::tests::test_wc_token_savings ... ok
test filter::tests::test_filter_level_parsing ... ok
test filter::tests::test_language_detection ... ok
test filter::tests::test_minimal_filter_preserves_regular_comments ... ok
test filter::tests::test_minimal_filter_preserves_todo_comments ... ok
test filter::tests::test_minimal_filter_snapshot_mixed_comments ... ok
test filter::tests::test_minimal_filter_strips_license_header ... ok
test filter::tests::test_minimal_filter_strips_noise_comments ... ok
test filtered_cmd::tests::test_builder_arg_appended ... ok
test filtered_cmd::tests::test_builder_args_set ... ok
test filtered_cmd::tests::test_builder_custom_filter_applied ... ok
test filtered_cmd::tests::test_builder_default_filter_is_identity ... ok
test fileops::grep_cmd::tests::test_rg_always_has_line_numbers ... ok
test format_cmd::tests::test_compact_path ... ok
test format_cmd::tests::test_detect_formatter_from_explicit_arg ... ok
test format_cmd::tests::test_detect_formatter_from_package_json ... ok
test format_cmd::tests::test_detect_formatter_from_pyproject_black ... ok
test format_cmd::tests::test_detect_formatter_from_pyproject_ruff ... ok
test format_cmd::tests::test_filter_black_all_formatted ... ok
test format_cmd::tests::test_filter_black_needs_formatting ... ok
test gain::compare::tests::test_compare_bar_full_savings ... ok
test gain::compare::tests::test_compare_bar_partial_savings ... ok
test gain::compare::tests::test_compare_bar_zero_savings ... ok
test gain::compare::tests::test_compare_bar_zero_width ... ok
test gain::compare::tests::test_savings_calculation_precision ... ok
test gain::compare::tests::test_savings_complete_reduction ... ok
test gain::compare::tests::test_savings_empty_raw ... ok
test gain::compare::tests::test_savings_no_regression ... ok
test gain::compare::tests::test_savings_normal_case ... ok
test gain::compare::tests::test_savings_with_estimate_tokens ... ok
test doctor_cmd::tests::test_run_completes_without_error ... ok
test fileops::find_cmd::search::tests::test_find_output_compact ... ok
test gain::helpers::tests::test_mini_bar_full ... ok
test gain::helpers::tests::test_mini_bar_half ... ok
test gain::helpers::tests::test_mini_bar_zero_max ... ok
test gain::helpers::tests::test_mini_bar_zero_width ... ok
test gain::export::tests::gain_json_export_includes_deterministic_telemetry_summary_surface ... ok
test gain::export::tests::gain_json_project_export_includes_by_project_and_summary ... ok
test gain::helpers::tests::test_resolve_project_scope_bare_uses_cwd ... ok
test gain::helpers::tests::test_resolve_project_scope_all_is_rejected ... ok
test filtered_cmd::tests::test_run_capturing_with_echo ... ok
test gain::helpers::tests::test_resolve_project_scope_name_ambiguous_errors ... ok
test gain::helpers::tests::test_resolve_project_scope_name_matches_single ... ok
test gain::helpers::tests::test_shorten_path_long ... ok
test gain::helpers::tests::test_shorten_path_short ... ok
test gain::helpers::tests::test_truncate_for_column_exact_width ... ok
test gain::helpers::tests::test_truncate_for_column_long_text ... ok
test gain::helpers::tests::test_truncate_for_column_short_text ... ok
test gain::helpers::tests::test_resolve_project_scope_name_no_match_errors ... ok
test gain::helpers::tests::test_truncate_for_column_width_le_3 ... ok
test gain::helpers::tests::test_truncate_for_column_zero_width ... ok
test gain::rewrite_diagnostics::tests::test_compute_quality_score_combines_coverage_and_parse_recovery ... ok
test gain::rewrite_diagnostics::tests::test_explain_lines_describe_quality_formula ... ok
test gain::rewrite_diagnostics::tests::test_passthrough_heading_reflects_scope ... ok
test gain::rewrite_diagnostics::tests::test_scope_banner_lines_explain_mixed_scope ... ok
test go_eco::commands::filters::tests::test_compact_package_name ... ok
test go_eco::commands::filters::tests::test_filter_go_build_errors ... ok
test go_eco::commands::filters::tests::test_filter_go_build_success ... ok
test go_eco::commands::filters::tests::test_filter_go_build_token_savings ... ok
test go_eco::commands::filters::tests::test_filter_go_test_all_pass ... ok
test go_eco::commands::filters::tests::test_filter_go_test_with_failures ... ok
test go_eco::commands::filters::tests::test_filter_go_vet_no_issues ... ok
test go_eco::commands::filters::tests::test_filter_go_test_token_savings ... ok
test go_eco::commands::filters::tests::test_filter_go_vet_token_savings ... ok
test go_eco::commands::filters::tests::test_filter_go_vet_with_issues ... ok
test go_eco::golangci::tests::test_compact_path ... ok
test go_eco::golangci::tests::test_filter_golangci_no_issues ... ok
test go_eco::golangci::tests::test_filter_golangci_token_savings ... ok
test go_eco::golangci::tests::test_filter_golangci_with_issues ... ok
test hook_audit::tests::test_base_command_with_env ... ok
test hook_audit::tests::test_parse_line_rewrite ... ok
test hook_audit::tests::test_summarize_entries_computes_actionable_coverage ... ok
test hook_check::tests::test_parse_hook_version_future ... ok
test fileops::find_cmd::search::tests::run_from_args_mycelium_syntax ... ok
test hook_check::tests::test_parse_hook_version_missing ... ok
test hook_check::tests::test_parse_hook_version_present ... ok
test hyphae::tests::test_add_filter_header_format ... ok
test hyphae::tests::test_add_filter_header_no_savings ... ok
test hyphae::tests::test_decide_action_medium_output ... ok
test hyphae::tests::test_decide_action_small_output ... ok
test gain::helpers::tests::test_resolve_project_scope_none_returns_none ... ok
test hyphae::tests::test_format_chunk_summary ... ok
test hyphae::tests::test_get_summary_threshold_returns_default_without_config ... ok
test hyphae::tests::test_route_or_filter_applies_filter ... ok
test hyphae::tests::test_route_or_filter_empty_filter_falls_back_to_raw ... ok
test hyphae::tests::test_route_or_filter_passthrough ... ok
test hyphae::tests::test_route_or_filter_whitespace_filter_falls_back_to_raw ... ok
test hyphae::tests::test_validate_all_rules_pass_returns_filtered ... ok
test hyphae::tests::test_validate_rule1_empty_filtered_returns_raw ... ok
test hyphae::tests::test_validate_rule1_empty_raw_returns_empty_filtered ... ok
test hyphae::tests::test_validate_rule1_whitespace_filtered_returns_raw ... ok
test hyphae::tests::test_validate_rule2_low_savings_returns_raw ... ok
test hyphae::tests::test_validate_rule2_sufficient_savings_returns_filtered ... ok
test hyphae::tests::test_validate_rule3_degraded_high_savings_passes ... ok
test hyphae::tests::test_validate_rule3_degraded_low_savings_returns_raw ... ok
test hyphae::tests::test_validate_rule3_full_quality_low_savings_passes ... ok
test hyphae::tests::test_validate_rule4_aggressive_large_output_passes ... ok
test hyphae::tests::test_validate_rule4_aggressive_small_output_returns_raw ... ok
test hyphae_client::tests::test_build_arguments_format ... ok
test hyphae_client::tests::test_build_arguments_includes_runtime_session_id_when_present ... ok
test hyphae_client::tests::test_build_arguments_omits_partial_identity_fields ... ok
test gain::helpers::tests::test_resolve_project_scope_project_path_takes_precedence ... ok
test hyphae_client::tests::test_detect_project_identity_from_falls_back_to_basename ... ok
test hyphae_client::tests::test_detect_project_identity_from_prefers_repo_root ... ok
test hyphae_client::tests::test_parse_response_error ... ok
test hyphae_client::tests::test_parse_response_tool_error_takes_priority_over_payload_deserialize ... ok
test hyphae_client::tests::test_parse_response_valid ... ok
test init::claude_md::tests::test_claude_md_mode_creates_full_injection ... ok
test init::claude_md::tests::test_init_has_version_marker ... ok
test init::claude_md::tests::test_init_is_idempotent ... ok
test init::claude_md::tests::test_init_mentions_all_top_level_commands ... ok
test hyphae_client::tests::test_detect_project_identity_from_supports_git_file_marker ... ok
test init::claude_md::tests::test_migration_removes_old_block ... ok
test init::claude_md::tests::test_migration_warns_on_missing_end_marker ... ok
test init::claude_md::tests::test_upsert_mycelium_block_appends_when_missing ... ok
test init::claude_md::tests::test_upsert_mycelium_block_detects_malformed_block ... ok
test init::claude_md::tests::test_upsert_mycelium_block_noop_when_already_current ... ok
test init::claude_md::tests::test_local_init_unchanged ... ok
test init::claude_md::tests::test_upsert_mycelium_block_updates_stale_block ... ok
test init::context::tests::test_build_gather_context_arguments_adds_identity_for_matching_project ... ok
test init::context::tests::test_build_gather_context_arguments_omits_identity_for_mismatched_project ... ok
test init::context::tests::test_build_gather_context_arguments_stays_global_without_project ... ok
test init::context::tests::test_format_briefing_empty ... ok
test init::context::tests::test_format_briefing_with_results ... ok
test init::context::tests::test_parse_mcp_response_tool_error_takes_priority_over_payload_text ... ok
test init::context::tests::test_parse_mcp_response_valid ... ok
test init::context::tests::test_parse_mcp_response_error ... ok
test init::context::tests::test_relevance_label ... ok
test init::context::tests::test_truncate_line_long ... ok
test init::context::tests::test_truncate_line_multiline ... ok
test init::context::tests::test_truncate_line_short ... ok
test init::hook::tests::test_atomic_write ... ok
test init::hook::tests::test_hook_has_guards ... ok
test init::hook::tests::test_default_mode_creates_hook_and_mycelium_md ... ok
test init::hook::tests::test_render_rewrite_hook_embeds_and_quotes_paths ... ok
test init::hook::tests::test_session_summary_hook_is_posix_sh ... ok
test init::hook::tests::test_version_is_stale_detects_older_version ... ok
test init::host_status::tests::test_claude_settings_registers_cortina_pre_tool_use ... ok
test init::host_status::tests::test_claude_settings_registers_mycelium ... ok
test init::host_status::tests::test_cortina_pre_tool_use_counts_as_configured_without_legacy_hook ... ok
test init::host_status::tests::test_codex_registered_servers_from_str_detects_basidiocarp_servers ... ok
test init::host_status::tests::test_global_claude_md_status_reports_missing_file ... ok
test init::host_status::tests::test_legacy_claude_md_mode_is_always_supported ... ok
test init::host_status::tests::test_no_baseline_does_not_count_as_configured ... ok
test init::json_patch::tests::test_clean_double_blanks ... ok
test init::json_patch::tests::test_clean_double_blanks_preserves_single ... ok
test init::json_patch::tests::test_hook_already_present_different_path ... ok
test init::json_patch::tests::test_hook_already_present_exact_match ... ok
test init::json_patch::tests::test_hook_not_present_empty ... ok
test init::json_patch::tests::test_hook_not_present_other_hooks ... ok
test init::json_patch::tests::test_hooks_fully_present_requires_legacy_cleanup ... ok
test fileops::find_cmd::search::tests::find_rs_files_in_src ... ok
test init::json_patch::tests::test_insert_hook_entry_preserves_existing ... ok
test init::json_patch::tests::test_insert_hook_entry_empty_root ... ok
test hyphae::tests::test_decide_action_large_output ... ok
test hyphae::tests::test_is_available_does_not_panic ... ok
test init::json_patch::tests::test_insert_hook_preserves_other_keys ... ok
test init::json_patch::tests::test_insert_stop_hook_without_matcher ... ok
test init::json_patch::tests::test_preserve_order_round_trip ... ok
test init::json_patch::tests::test_remove_hook_from_json ... ok
test init::json_patch::tests::test_remove_hook_from_json_removes_legacy_stop_hook ... ok
test init::json_patch::tests::test_stop_hook_already_present_different_path ... ok
test init::json_patch::tests::test_remove_hook_when_not_present ... ok
test init::json_patch::tests::test_stop_hook_already_present_legacy_filename ... ok
test init::onboard::tests::test_excerpt_lines_truncates_long_output ... ok
test init::onboard::tests::test_host_setup_plan_project_local ... ok
test init::onboard::tests::test_host_setup_plan_global ... ok
test init::onboard::tests::test_upsert_codex_servers_adds_missing_entries ... ok
test init::onboard::tests::test_upsert_codex_servers_preserves_existing_entries ... ok
test integrity::tests::test_compute_hash_deterministic ... ok
test integrity::tests::test_compute_hash_changes_on_modification ... ok
test integrity::tests::test_hash_file_permissions ... ok
test integrity::tests::test_hash_format_compatible_with_sha256sum ... ok
test init::onboard::tests::test_find_workspace_cap_detects_sibling_repo ... ok
test integrity::tests::test_hash_only_no_filename_rejected ... ok
test integrity::tests::test_remove_hash_not_found ... ok
test integrity::tests::test_invalid_hash_file_rejected ... ok
test integrity::tests::test_remove_hash ... ok
test integrity::tests::test_verify_no_baseline ... ok
test integrity::tests::test_store_hash_creates_sha256sum_format ... ok
test integrity::tests::test_verify_detects_tampering ... ok
test integrity::tests::test_verify_not_installed ... ok
test integrity::tests::test_store_hash_overwrites_existing ... ok
test integrity::tests::test_store_and_verify_ok ... ok
test js::npm::tests::test_filter_npm_output ... ok
test js::npm::tests::test_filter_npm_output_empty ... ok
test js::npm::tests::test_npm_token_savings ... ok
test js::playwright::tests::test_playwright_parser_json ... ok
test js::next::tests::test_extract_time ... ok
test js::playwright::tests::test_playwright_parser_json_float_duration ... ok
test integrity::tests::test_wrong_separator_rejected ... ok
test js::playwright::tests::test_playwright_parser_json_with_failure ... ok
test js::pnpm::tests::test_package_name_validation ... ok
test js::next::tests::test_filter_next_build ... ok
test integrity::tests::test_verify_orphaned_hash ... ok
test js::pnpm::tests::test_pnpm_install_token_savings ... ok
test js::pnpm::tests::test_pnpm_list_parser_json ... ok
test js::pnpm::tests::test_pnpm_outdated_parser_json ... ok
test js::pnpm::tests::test_run_passthrough_accepts_args ... ok
test js::prettier::tests::test_filter_all_formatted ... ok
test js::prettier::tests::test_filter_files_need_formatting ... ok
test js::playwright::tests::test_playwright_parser_passthrough ... ok
test js::prettier::tests::test_filter_empty_output ... ok
test js::prettier::tests::test_filter_many_files ... ok
test js::prettier::tests::test_filter_whitespace_only_output ... ok
test js::prisma::tests::test_extract_number ... ok
test js::playwright::tests::test_playwright_parser_regex_fallback ... ok
test js::prisma::tests::test_filter_generate ... ok
test js::prisma::tests::test_filter_migrate_dev ... ok
test js::prettier::tests::test_prettier_token_savings ... ok
test js::tsc::tests::test_filter_no_errors ... ok
test js::tsc::tests::test_continuation_lines_preserved ... ok
test js::tsc::tests::test_no_file_limit ... ok
test js::tsc::tests::test_filter_tsc_output ... ok
test js::tsc::tests::test_every_error_message_shown ... ok
test js::tsc::tests::test_tsc_parser_degrades_when_non_diagnostic_lines_are_present ... ok
test js::vitest::tests::test_strip_ansi ... ok
test js::vitest::tests::test_vitest_parser_json ... ok
test js::tsc::tests::test_tsc_parser_passthroughs_unstructured_nonempty_output ... ok
test js::vitest::tests::test_vitest_parser_with_nested_json ... ok
test js::vitest::tests::test_vitest_parser_with_dotenv_prefix ... ok
test js::vitest::tests::test_vitest_parser_with_pnpm_prefix ... ok
test json_cmd::tests::test_cargo_toml_suggests_deps ... ok
test json_cmd::tests::test_extract_schema_array ... ok
test json_cmd::tests::test_extract_schema_simple ... ok
test json_cmd::tests::test_json_file_accepted ... ok
test json_cmd::tests::test_no_extension_accepted ... ok
test json_cmd::tests::test_unknown_extension_accepted ... ok
test json_cmd::tests::test_toml_file_rejected ... ok
test json_cmd::tests::test_yaml_file_rejected ... ok
test json_output::tests::test_savings_pct_calculated ... ok
test json_output::tests::test_valid_json_parseable_by_serde ... ok
test json_output::tests::test_wrap_error ... ok
test json_output::tests::test_wrap_output_basic ... ok
test learn::corrections_store::tests::test_apply_correction_match ... ok
test json_output::tests::test_wrap_output_includes_rewrite_metadata ... ok
test learn::corrections_store::tests::test_apply_correction_trims_whitespace ... ok
test learn::corrections_store::tests::test_load_missing_file_returns_empty ... ok
test js::vitest::tests::test_vitest_parser_passthrough ... ok
test js::vitest::tests::test_vitest_parser_regex_fallback ... ok
test learn::detector::tests::test_deduplicate_corrections_keeps_distinct ... ok
test learn::detector::tests::test_deduplicate_corrections_merges_same ... ok
test learn::corrections_store::tests::test_roundtrip_write_load ... ok
test learn::detector::tests::test_find_corrections_path_exploration ... ok
test learn::report::tests::test_format_console_report_empty ... ok
test learn::report::tests::test_format_console_report_with_rules ... ok
test learn::detector::tests::test_find_corrections_basic ... ok
test learn::detector::tests::test_find_corrections_min_confidence ... ok
test learn::detector::tests::test_find_corrections_window_limit ... ok
test learn::types::tests::test_classify_error_unknown_flag ... ok
test learn::types::tests::test_command_similarity_same_base ... ok
test learn::types::tests::test_extract_base_command ... ok
test learn::types::tests::test_is_command_error_filters_user_rejection ... ok
test learn::types::tests::test_is_command_error_requires_error_content ... ok
test learn::types::tests::test_is_command_error_requires_error_flag ... ok
test learn::report::tests::test_write_rules_file_markdown ... ok
test learn::types::tests::test_classify_error_command_not_found ... ok
test lint_cmd::eslint::tests::test_eslint_token_savings ... ok
test lint_cmd::eslint::tests::test_filter_eslint_json ... ok
test lint_cmd::pylint::tests::test_filter_pylint_json_no_issues ... ok
test lint_cmd::pylint::tests::test_filter_pylint_json_with_issues ... ok
test lint_cmd::pylint::tests::test_pylint_token_savings ... ok
test lint_cmd::eslint::tests::test_eslint_snapshot ... ok
test lint_cmd::tests::test_analyze_lint_output_eslint_passthroughs_invalid_json ... ok
test lint_cmd::pylint::tests::test_pylint_snapshot ... ok
test lint_cmd::tests::test_compact_path ... ok
test lint_cmd::tests::test_analyze_lint_output_generic_lint_is_degraded ... ok
test lint_cmd::tests::test_detect_linter_after_npx_strip ... ok
test lint_cmd::tests::test_detect_linter_after_pnpm_exec_strip ... ok
test lint_cmd::tests::test_detect_linter_default_on_flag ... ok
test lint_cmd::tests::test_detect_linter_default_on_path ... ok
test lint_cmd::tests::test_detect_linter_eslint ... ok
test lint_cmd::tests::test_has_explicit_output_format_supports_split_and_equals_forms ... ok
test lint_cmd::tests::test_is_python_linter ... ok
test lint_cmd::tests::test_skip_output_format_arg_consumes_split_value_token ... ok
test lint_cmd::tests::test_split_output_format_value_is_not_treated_as_path ... ok
test lint_cmd::tests::test_strip_pm_prefix_bunx ... ok
test lint_cmd::tests::test_strip_pm_prefix_empty ... ok
test lint_cmd::tests::test_strip_pm_prefix_none ... ok
test lint_cmd::tests::test_strip_pm_prefix_npx ... ok
test lint_cmd::tests::test_strip_pm_prefix_pnpm_exec ... ok
test learn::detector::tests::test_find_corrections_excludes_tdd_cycle ... ok
test learn::types::tests::test_classify_error_all_types ... ok
test parser::tests::test_extract_json_object_clean ... ok
test parser::tests::test_extract_json_object_nested_braces ... ok
test parser::tests::test_extract_json_object_no_json ... ok
test parser::tests::test_extract_json_object_string_with_braces ... ok
test parser::tests::test_extract_json_object_with_dotenv_prefix ... ok
test parser::tests::test_extract_json_object_with_pnpm_prefix ... ok
test parser::tests::test_parse_result_tier ... ok
test parser::tests::test_truncate_output ... ok
test parser::tests::test_truncate_output_emoji ... ok
test parser::tests::test_truncate_output_multibyte ... ok
test platform::tests::test_claude_paths_shape ... ok
test platform::tests::test_mycelium_config_dir_shape ... ok
test platform::tests::test_mycelium_data_dir_shape ... ok
test platform::tests::test_render_shell_command_escapes_single_quotes ... ok
test local_llm::tests::test_python_analysis ... ok
test platform::tests::test_render_shell_command_keeps_simple_arguments_unquoted ... ok
test platform::tests::test_render_shell_command_quotes_arguments_with_spaces ... ok
test platform::tests::test_split_env_paths_uses_platform_separator ... ok
test local_llm::tests::test_rust_analysis ... ok
test plugin::tests::test_candidate_plugin_paths_prefers_shell_script_then_bare ... ok
test platform::tests::test_command_path_finds_executable_on_path ... ok
test plugin::tests::test_find_plugin_returns_none_when_dir_missing ... ok
test plugin::tests::test_find_plugin_discovers_bare_name ... ok
test plugin::tests::test_find_plugin_discovers_sh_extension ... ok
test plugin::tests::test_find_plugin_ignores_non_executable ... ok
test plugin::tests::test_find_plugin_returns_none_when_disabled ... ok
test plugin::tests::test_is_secure_missing_file_returns_false ... ok
test plugin::tests::test_is_secure_accepts_owner_only_write ... ok
test plugin_cmd::tests::test_discover_user_plugins_nonexistent_dir ... ok
test plugin_cmd::tests::test_shipped_plugin_content_has_shebang ... ok
test plugin::tests::test_find_plugin_sh_preferred_over_bare ... ok
test plugin_cmd::tests::test_discover_user_plugins_empty_dir ... ok
test plugin_cmd::tests::test_shipped_plugins_array_is_valid ... ok
test plugin_cmd::tests::test_strip_plugin_suffix_supports_cross_platform_names ... ok
test plugin::tests::test_is_secure_rejects_world_writable ... ok
test psql_cmd::tests::test_filter_expanded_basic ... ok
test psql_cmd::tests::test_filter_expanded_strips_row_count ... ok
test psql_cmd::tests::test_expanded_token_savings ... ok
test psql_cmd::tests::test_filter_expanded_overflow ... ok
test psql_cmd::tests::test_filter_psql_passthrough ... ok
test psql_cmd::tests::test_filter_psql_routes_to_expanded ... ok
test psql_cmd::tests::test_filter_table_empty ... ok
test psql_cmd::tests::test_filter_psql_routes_to_table ... ok
test psql_cmd::tests::test_filter_table_basic ... ok
test psql_cmd::tests::test_filter_table_overflow ... ok
test psql_cmd::tests::test_is_expanded_format_detects_records ... ok
test fileops::find_cmd::search::tests::find_dot_pattern_works ... ok
test psql_cmd::tests::test_is_expanded_format_rejects_table ... ok
test psql_cmd::tests::test_filter_table_strips_row_count ... ok
test psql_cmd::tests::test_is_table_format_detects_separator ... ok
test psql_cmd::tests::test_is_table_format_rejects_plain ... ok
test psql_cmd::tests::test_snapshot_expanded_format ... ok
test psql_cmd::tests::test_snapshot_table_format ... ok
test psql_cmd::tests::test_table_token_savings ... ok
test python::mypy::tests::test_filter_mypy_no_errors ... ok
test python::mypy::tests::test_filter_mypy_fileless_errors ... ok
test python::mypy::tests::test_filter_mypy_every_error_shown ... ok
test python::mypy::tests::test_filter_mypy_errors_grouped_by_file ... ok
test python::mypy::tests::test_filter_mypy_note_continuation ... ok
test python::mypy::tests::test_filter_mypy_no_file_limit ... ok
test python::mypy::tests::test_filter_mypy_top_codes_summary ... ok
test python::mypy::tests::test_filter_mypy_single_code_no_summary ... ok
test python::pip::tests::test_filter_pip_list ... ok
test python::pip::tests::test_filter_pip_list_empty ... ok
test python::mypy::tests::test_filter_mypy_with_column_numbers ... ok
test python::pip::tests::test_filter_pip_outdated_none ... ok
test python::pip::tests::test_filter_pip_list_token_savings ... ok
test python::pip::tests::test_filter_pip_outdated_some ... ok
test python::pytest::tests::test_filter_pytest_all_pass ... ok
test python::pytest::tests::test_filter_pytest_multiple_failures ... ok
test python::pytest::tests::test_filter_pytest_no_tests ... ok
test python::pytest::tests::test_filter_pytest_token_savings ... ok
test python::pytest::tests::test_filter_pytest_with_failures ... ok
test python::ruff::tests::test_compact_path ... ok
test python::ruff::tests::test_filter_ruff_check_no_issues ... ok
test python::pytest::tests::test_parse_summary_line ... ok
test python::ruff::tests::test_filter_ruff_check_with_issues ... ok
test python::ruff::tests::test_filter_ruff_check_token_savings ... ok
test python::ruff::tests::test_filter_ruff_format_all_formatted ... ok
test python::ruff::tests::test_filter_ruff_format_needs_formatting ... ok
test python::ruff::tests::test_filter_ruff_format_token_savings ... ok
test rewrite_cmd::tests::test_learned_correction_respects_compound_segment_passthrough_guards ... ok
test rewrite_cmd::explain_tests::test_explain_supported_registry_rewrite ... ok
test rewrite_cmd::explain_tests::test_explain_compound_command_lists_segment_breakdown ... ok
test rewrite_cmd::tests::test_learned_correction_respects_nested_wrapper_gh_guards ... ok
test rewrite_cmd::explain_tests::test_explain_unsupported_command ... ok
test rewrite_cmd::tests::test_learned_correction_respects_rewrite_guards ... ok
test rewrite_cmd::tests::test_resolve_routes_diagnostic_commands_to_invoke_passthrough ... ok
test rewrite_cmd::tests::test_resolve_runtime_command_falls_back_to_original ... ok
test rewrite_cmd::tests::test_resolve_runtime_command_prefers_mycelium_equivalent ... ok
test rewrite_cmd::tests::test_run_already_mycelium_returns_some ... ok
test rewrite_cmd::tests::test_resolve_uses_fd_for_safe_find_commands_when_available ... ok
test rewrite_cmd::tests::test_run_supported_command_succeeds ... ok
test rewrite_cmd::tests::test_run_unsupported_returns_none ... ok
test runner_cmd::tests::test_filter_errors ... ok
test parse_health_cmd::tests::test_parse_health_runs ... ok
test rhizome::tests::test_is_available_does_not_panic ... ok
test summarizer::tests::test_is_error_line ... ok
test summarizer::tests::test_is_warning_line ... ok
test summarizer::tests::test_mixed_error_warning_classified_as_error ... ok
test summarizer::tests::test_summarize_returns_none_below_threshold ... ok
test fileops::find_cmd::search::tests::find_gitignored_excluded ... ok
test summarizer::tests::test_summarize_returns_some_above_threshold ... ok
test summarizer::tests::test_summary_contains_retrieval_notice ... ok
hi
test streaming::tests::test_streaming_exit_code ... ok
test summarizer::tests::test_summary_detects_errors ... ok
test summary_cmd::tests::test_detect_output_type ... ok
test summary_cmd::tests::test_extract_number ... ok
test summary_cmd::tests::test_summarize_output_success_and_failure ... ok
test summarizer::tests::test_summary_detects_warnings ... ok
test tee::tests::test_format_hint ... ok
test tee::tests::test_sanitize_slug ... ok
test tee::tests::test_should_tee_always_mode_success ... ok
test tee::tests::test_should_tee_disabled ... ok
test tee::tests::test_should_tee_never_mode ... ok
test tee::tests::test_should_tee_proceed_on_failure ... ok
test tee::tests::test_should_tee_skip_small_output ... ok
test summarizer::tests::test_summary_token_counts ... ok
test tee::tests::test_should_tee_skip_success_in_failures_mode ... ok
test tee::tests::test_tee_config_default ... ok
test tee::tests::test_tee_config_deserialize ... ok
test tee::tests::test_tee_mode_serde ... ok
test tee::tests::test_write_tee_file_truncation ... ok
test terraform_cmd::tests::test_action_symbol_variants ... ok
line1
line3
test tee::tests::test_write_tee_file_creates_file ... ok
test terraform_cmd::tests::test_apply_snapshot ... ok
test terraform_cmd::tests::test_filter_apply_shows_completion_lines ... ok
test terraform_cmd::tests::test_apply_token_savings ... ok
test terraform_cmd::tests::test_filter_apply_shows_summary ... ok
test terraform_cmd::tests::test_filter_apply_strips_still_creating_lines ... ok
test terraform_cmd::tests::test_filter_apply_token_savings_gte_30_percent ... ok
test streaming::tests::test_streaming_filters_lines ... ok
test streaming::tests::test_streaming_suppress_all ... ok
test terraform_cmd::tests::test_filter_init_strips_progress_bars ... ok
test rhizome_client::tests::test_nonexistent_file ... ok
test terraform_cmd::tests::test_filter_plan_no_changes ... ok
test terraform_cmd::tests::test_filter_plan_shows_resource_names ... ok
test terraform_cmd::tests::test_filter_plan_action_symbols ... ok
test terraform_cmd::tests::test_filter_plan_shows_summary_line ... ok
test terraform_cmd::tests::test_filter_plan_strips_attribute_detail ... ok
test terraform_cmd::tests::test_plan_token_savings ... ok
test terraform_cmd::tests::test_filter_plan_token_savings_gte_70_percent ... ok
test terraform_cmd::tests::test_plan_snapshot ... ok
test tests::test_gain_failures_short_flag_parses ... ok
test tests::test_gain_failures_flag_parses ... ok
test tests::test_git_commit_amend ... ok
test tee::tests::test_cleanup_old_files ... ok
test tests::test_git_commit_long_flag_multiple ... ok
test tests::test_git_commit_am_flag ... ok
test tests::test_git_commit_single_message ... ok
test tests::test_git_commit_multiple_messages ... ok
test tests::test_git_global_options_parsing ... ok
test tests::test_try_parse_git_with_dash_c_succeeds ... ok
test tests::test_try_parse_atmos_terraform_plan ... ok
test tests::test_try_parse_help_is_display_help ... ok
test tests::test_try_parse_unknown_subcommand_is_error ... ok
test tracking::tests::test_args_display ... ok
test tests::test_try_parse_valid_git_status ... ok
test tracking::tests::test_custom_db_path_env ... ok
test tracking::tests::test_default_db_path ... ok
test tracking::tests::test_estimate_tokens ... ok
test tests::test_try_parse_version_is_display_version ... ok
test tracking::tests::test_current_project_path_string_honors_env_override ... ok
test tracking::tests::test_current_runtime_session_id_honors_claude_env ... ok
test rhizome_client::tests::test_get_structure_without_rhizome ... ok
test tests::test_meta_command_list_is_complete ... ok
test tests::test_meta_commands_reject_bad_flags ... ok
test tracking::tests::test_get_by_command_limited_honors_limit ... ok
test tracking::tests::test_project_filter_params_glob_pattern ... ok
test tracking::tests::test_project_filter_params_none ... ok
test tracking::tests::test_project_filter_params_underscore_safe ... ok
test fileops::find_cmd::search::tests::find_no_matches ... ok
test tracking::tests::test_get_by_project ... ok
test tracking::tests::test_resolve_db_path_info_override ... ok
test fileops::find_cmd::search::tests::run_from_args_iname_case_insensitive ... ok
test tracking::tests::test_get_passthrough_summary_filtered_respects_project_scope ... ok
test fileops::find_cmd::search::tests::find_respects_max ... ok
test tracking::tests::test_get_passthrough_summary_filtered_groups_passthrough_commands ... ok
test tracking::tests::test_parse_failure_recovery_rate ... ok
test tracking::tests::test_parse_failure_roundtrip ... ok
test fileops::find_cmd::search::tests::run_from_args_native_find_syntax ... ok
test tracking::tests::test_parse_failure_summary_filtered_respects_project_scope ... ok
test tracking::tests::test_record_summary_roundtrip ... ok
test utils::tests::test_detect_package_manager_default ... ok
test tracking::tests::test_resolve_db_path_info_env ... ok
test utils::tests::test_execute_command_success ... ok
test utils::tests::test_format_cpt_edge_cases ... ok
test utils::tests::test_format_cpt_normal ... ok
test utils::tests::test_format_tokens_millions ... ok
test tracking::tests::test_telemetry_summary_surface_orders_command_breakdown_deterministically ... ok
test utils::tests::test_format_tokens_small ... ok
test utils::tests::test_format_tokens_thousands ... ok
test utils::tests::test_format_usd_edge ... ok
test utils::tests::test_format_usd_large ... ok
test utils::tests::test_format_usd_medium ... ok
test utils::tests::test_format_usd_small ... ok
test utils::tests::test_ok_confirmation_no_detail ... ok
test utils::tests::test_ok_confirmation_with_detail ... ok
test utils::tests::test_strip_ansi_complex ... ok
test utils::tests::test_execute_command_failure ... ok
test utils::tests::test_strip_ansi_multiple ... ok
test utils::tests::test_strip_ansi_no_codes ... ok
test utils::tests::test_strip_ansi_simple ... ok
test utils::tests::test_truncate_edge_case ... ok
test utils::tests::test_truncate_long_string ... ok
test utils::tests::test_truncate_multibyte_cjk ... ok
test utils::tests::test_truncate_exact_length ... ok
test utils::tests::test_truncate_multibyte_emoji ... ok
test utils::tests::test_truncate_multibyte_thai ... ok
test utils::tests::test_truncate_short_string ... ok
test vcs::gh_cmd::issue::tests::test_should_passthrough_issue_list_json_template_web ... ok
test vcs::gh_cmd::issue::tests::test_should_passthrough_issue_view_comments_and_formatting ... ok
test vcs::gh_cmd::repo::tests::test_should_passthrough_repo_view_default ... ok
test vcs::gh_cmd::repo::tests::test_should_passthrough_repo_view_json_template_web ... ok
test vcs::gh_cmd::run::tests::test_filter_run_view_output_passthroughs_unstructured_text ... ok
test vcs::gh_cmd::run::tests::test_filter_run_view_output_reports_failed_jobs_only ... ok
test vcs::gh_cmd::run::tests::test_run_list_passthrough_json_template ... ok
test vcs::gh_cmd::run::tests::test_run_view_no_passthrough_empty ... ok
test vcs::gh_cmd::run::tests::test_run_view_no_passthrough_other_flags ... ok
test vcs::gh_cmd::run::tests::test_run_view_passthrough_json ... ok
test vcs::gh_cmd::run::tests::test_run_view_passthrough_log ... ok
test vcs::gh_cmd::run::tests::test_run_view_passthrough_log_failed ... ok
test vcs::gh_cmd::run::tests::test_run_view_passthrough_template_and_web ... ok
test vcs::gh_cmd::tests::test_extract_identifier_empty ... ok
test vcs::gh_cmd::tests::test_extract_identifier_only_flags ... ok
test vcs::gh_cmd::tests::test_extract_identifier_simple ... ok
test vcs::gh_cmd::tests::test_extract_identifier_with_long_repo_flag ... ok
test vcs::gh_cmd::tests::test_extract_identifier_with_repo_flag_after ... ok
test vcs::gh_cmd::tests::test_extract_identifier_with_repo_flag_before ... ok
test vcs::gh_cmd::tests::test_extract_identifier_with_web_flag ... ok
test vcs::gh_cmd::tests::test_extract_optional_identifier_with_web_flag ... ok
test vcs::gh_cmd::tests::test_has_json_flag_absent ... ok
test vcs::gh_cmd::tests::test_has_json_flag_present ... ok
test vcs::gh_cmd::tests::test_should_passthrough_issue_view_comments ... ok
test vcs::gh_cmd::tests::test_should_passthrough_issue_view_default ... ok
test vcs::gh_cmd::tests::test_should_passthrough_issue_view_json_and_web ... ok
test vcs::gh_cmd::tests::test_truncate ... ok
test vcs::gh_cmd::tests::test_truncate_empty_and_short ... ok
test vcs::gh_cmd::tests::test_truncate_multibyte_utf8 ... ok
test vcs::gh_pr::actions::tests::test_ok_confirmation_pr_comment ... ok
test vcs::gh_pr::actions::tests::test_ok_confirmation_pr_create ... ok
test vcs::gh_pr::actions::tests::test_ok_confirmation_pr_edit ... ok
test vcs::gh_pr::actions::tests::test_ok_confirmation_pr_merge ... ok
test vcs::gh_pr::actions::tests::test_should_passthrough_pr_diff_name_only ... ok
test vcs::gh_pr::actions::tests::test_should_passthrough_pr_diff_web_and_no_compact ... ok
test vcs::gh_pr::actions::tests::test_should_passthrough_pr_diff_default ... ok
test vcs::gh_pr::checks::tests::test_should_passthrough_pr_checks_default ... ok
test vcs::gh_pr::checks::tests::test_should_passthrough_pr_status_default ... ok
test vcs::gh_pr::checks::tests::test_should_passthrough_pr_checks_json_template_watch_web ... ok
test vcs::gh_pr::list::tests::test_should_passthrough_pr_list_default ... ok
test vcs::gh_pr::list::tests::test_should_passthrough_pr_list_json_template_web ... ok
test vcs::gh_pr::checks::tests::test_should_passthrough_pr_status_json_template ... ok
test vcs::gh_pr::view::tests::test_filter_markdown_body_badge_lines ... ok
test vcs::gh_pr::view::tests::test_filter_markdown_body_blank_lines_collapse ... ok
test vcs::gh_pr::view::tests::test_filter_markdown_body_code_block_preserved ... ok
test vcs::gh_pr::view::tests::test_filter_markdown_body_empty ... ok
test vcs::gh_pr::view::tests::test_filter_markdown_body_html_comment_multiline ... ok
test vcs::gh_pr::view::tests::test_filter_markdown_body_horizontal_rules ... ok
test vcs::gh_pr::view::tests::test_filter_markdown_body_html_comment_single_line ... ok
test vcs::gh_pr::view::tests::test_filter_markdown_body_image_only_lines ... ok
test vcs::gh_pr::view::tests::test_filter_markdown_body_meaningful_content_preserved ... ok
test vcs::gh_pr::view::tests::test_should_passthrough_pr_view_comments_and_template ... ok
test vcs::gh_pr::view::tests::test_filter_markdown_body_token_savings ... ok
test vcs::gh_pr::view::tests::test_should_passthrough_pr_view_default ... ok
test vcs::gh_pr::view::tests::test_should_passthrough_pr_view_json ... ok
test vcs::gh_pr::view::tests::test_should_passthrough_pr_view_jq ... ok
test vcs::gh_pr::view::tests::test_should_passthrough_pr_view_other_flags ... ok
test vcs::gh_pr::view::tests::test_should_passthrough_pr_view_web ... ok
test vcs::git::mutations::tests::test_commit_am_flag ... ok
test vcs::git::mutations::tests::test_commit_amend ... ok
test vcs::git::mutations::tests::test_commit_multiple_messages ... ok
test vcs::git::mutations::tests::test_commit_signed_amend_flag ... ok
test vcs::git::mutations::tests::test_commit_signed_flag ... ok
test vcs::git::status::tests::test_branch_creation_from_commit ... ignored
test vcs::git::status::tests::test_branch_creation_not_swallowed ... ignored
test vcs::git::mutations::tests::test_commit_single_message ... ok
test vcs::git::tests::test_git_cmd_with_boolean_flags ... ok
test vcs::git::tests::test_git_cmd_with_directory ... ok
test vcs::git::tests::test_git_cmd_with_multiple_global_args ... ok
test vcs::git::tests::test_git_cmd_no_global_args ... ok
test vcs::git::tests::test_run_passthrough_accepts_args ... ok
test tracking::tests::test_telemetry_summary_surface_orders_parse_failures_deterministically ... ok
test vcs::git_filters::diff::tests::test_compact_diff ... ok
test vcs::git_filters::diff::tests::test_compact_diff_aggressive_profile_truncates_sooner ... ok
test vcs::git_filters::diff::tests::test_compact_diff_debug_profile_preserves_more_lines ... ok
test vcs::git_filters::diff::tests::test_compact_diff_increased_total_limit ... ok
test vcs::git_filters::diff::tests::test_compact_diff_increased_hunk_limit ... ok
test vcs::git_filters::diff::tests::test_compact_diff_truncates_extreme_hunks ... ok
test vcs::git_filters::status::tests::test_filter_branch_output ... ok
test vcs::git_filters::diff::tests::test_compact_diff_token_savings ... ok
test vcs::git_filters::status::tests::test_filter_branch_no_remotes ... ok
test vcs::git_filters::status::tests::test_filter_status_with_args_clean ... ok
test vcs::git_filters::status::tests::test_filter_status_with_args ... ok
test vcs::git_filters::status::tests::test_format_branch_structured_basic ... ok
test vcs::git_filters::status::tests::test_format_branch_structured_many_remotes ... ok
test vcs::git_filters::status::tests::test_format_branch_structured_matches_legacy_output ... ok
test vcs::git_filters::status::tests::test_format_branch_structured_no_remotes ... ok
test vcs::git_filters::status::tests::test_format_status_output_aggressive_profile_truncates_earlier ... ok
test vcs::git_filters::status::tests::test_format_status_output_75_file_budget ... ok
test vcs::git_filters::status::tests::test_format_status_output_clean ... ok
test vcs::git_filters::status::tests::test_format_status_output_debug_profile_preserves_more_files ... ok
test vcs::git_filters::status::tests::test_format_status_output_mixed_changes ... ok
test vcs::git_filters::status::tests::test_format_status_output_modified_files ... ok
test vcs::git_filters::status::tests::test_format_status_output_emoji_filename ... ok
test vcs::git_filters::status::tests::test_format_status_output_thai_filename ... ok
test vcs::git_filters::status::tests::test_format_status_output_truncation ... ok
test vcs::git_filters::status::tests::test_format_worktree_porcelain_bare ... ok
test vcs::git_filters::status::tests::test_format_status_output_untracked_files ... ok
test vcs::git_filters::status::tests::test_format_worktree_porcelain_basic ... ok
test vcs::git_filters::status::tests::test_format_worktree_porcelain_home_shortening ... ok
test vcs::git_filters::status::tests::test_format_worktree_porcelain_detached_head ... ok
test vcs::git_filters::status::tests::test_format_worktree_porcelain_no_trailing_newline ... ok
test vcs::git_filters::tests::test_filter_log_output ... ok
test vcs::git_filters::tests::test_filter_log_output_cap_lines ... ok
test vcs::git_filters::tests::test_filter_log_output_emoji ... ok
test vcs::git_filters::tests::test_filter_log_output_multibyte ... ok
test vcs::git_filters::tests::test_filter_log_output_truncate_long ... ok
test vcs::git_filters::tests::test_filter_log_output_token_savings ... ok
test vcs::git_filters::tests::test_filter_stash_list ... ok
test vcs::git_filters::tests::test_filter_worktree_list ... ok
test vcs::git_filters::tests::test_filter_stash_list_token_savings ... ok
test vcs::git_filters::tests::test_filter_worktree_list_token_savings ... ok
test vcs::git_filters::tests::test_filter_stash_list_snapshot ... ok
test vcs::git_filters::tests::test_is_blob_show_arg ... ok
test vcs::gt_cmd::filters::tests::test_filter_gt_create_empty ... ok
test vcs::gt_cmd::filters::tests::test_filter_gt_create_exact_format ... ok
test vcs::gt_cmd::filters::tests::test_extract_branch_name ... ok
test vcs::gt_cmd::filters::tests::test_filter_gt_create ... ok
test vcs::gt_cmd::filters::tests::test_filter_gt_create_no_branch_name ... ok
test vcs::gt_cmd::filters::tests::test_filter_gt_log_empty ... ok
test vcs::gt_cmd::filters::tests::test_filter_gt_create_token_savings ... ok
test vcs::gt_cmd::filters::tests::test_filter_gt_log_exact_format ... ok
test vcs::gt_cmd::filters::tests::test_filter_gt_log_long ... ok
test vcs::gt_cmd::filters::tests::test_filter_gt_log_token_savings ... ok
test vcs::gt_cmd::filters::tests::test_filter_gt_log_pre_stripped_input ... ok
test vcs::gt_cmd::filters::tests::test_filter_gt_restack_empty ... ok
test vcs::gt_cmd::filters::tests::test_filter_gt_log_truncation ... ok
test vcs::gt_cmd::filters::tests::test_filter_gt_restack ... ok
test vcs::gt_cmd::filters::tests::test_filter_gt_restack_exact_format ... ok
test vcs::gt_cmd::filters::tests::test_filter_gt_restack_token_savings ... ok
test vcs::gt_cmd::filters::tests::test_filter_gt_submit_empty ... ok
test vcs::gt_cmd::filters::tests::test_filter_gt_submit_exact_format ... ok
test vcs::gt_cmd::filters::tests::test_filter_gt_submit_with_urls ... ok
test vcs::gt_cmd::filters::tests::test_filter_gt_submit_token_savings ... ok
test vcs::gt_cmd::filters::tests::test_filter_gt_sync ... ok
test vcs::gt_cmd::filters::tests::test_filter_gt_sync_empty ... ok
test vcs::gt_cmd::filters::tests::test_filter_gt_sync_exact_format ... ok
test vcs::gt_cmd::filters::tests::test_filter_gt_sync_no_deletes ... ok
test vcs::gt_cmd::filters::tests::test_filter_gt_sync_token_savings ... ok
test vcs::gt_cmd::filters::tests::test_is_graph_node ... ok
test wget_cmd::tests::test_compact_url ... ok
test wget_cmd::tests::test_wget_output_token_savings ... ok
test wget_cmd::tests::test_format_size ... ok
test wget_cmd::tests::test_parse_error ... ok
test tracking::tests::test_timed_execution_passthrough ... ok
test hyphae::tests::test_route_or_filter_large_output ... ok
test tracking::tests::test_timed_execution_records_time ... ok
test tracking::tests::test_track_passthrough_no_dilution ... ok
test tracking::tests::test_tracker_applies_sqlite_pragmas ... ok
test tracking::tests::test_tracker_recent_detailed_includes_runtime_session_id_when_available ... ok
test tracking::tests::test_tracker_recent_detailed_includes_token_counts_and_project_path ... ok
test tracking::tests::test_tracker_record_and_recent ... ok

test result: ok. 1108 passed; 0 failed; 2 ignored; 0 measured; 0 filtered out; finished in 0.22s

     Running tests/foundation_alignment_guard.rs (target/debug/deps/foundation_alignment_guard-838640272619e5ce)

running 3 tests
test dispatch_source_stays_on_the_routing_boundary ... ok
test plugin_failure_replays_the_original_command_output ... ok
test plugin_filters_unknown_command_output_through_a_separate_adapter ... ok

test result: ok. 3 passed; 0 failed; 0 ignored; 0 measured; 0 filtered out; finished in 0.72s

     Running tests/git_stash_filter_test.rs (target/debug/deps/git_stash_filter_test-7be33983bfebbf10)

running 2 tests
test test_filter_stash_list_token_savings ... ok
test test_filter_stash_list_snapshot ... ok

test result: ok. 2 passed; 0 failed; 0 ignored; 0 measured; 0 filtered out; finished in 0.02s

     Running tests/learn_integration_test.rs (target/debug/deps/learn_integration_test-39bb31cc9db378b5)

running 9 tests
test test_apply_correction_exact_match ... ok
test test_corrections_store_roundtrip ... ok
test test_fixture_captures_error_flags ... ok
test test_fixture_extracts_correct_command_count ... ok
test test_env_prefix_stripped_before_base_command ... ok
test test_detects_gh_flag_correction ... ok
test test_tdd_cycle_not_detected_as_correction ... ok
test test_detects_git_commit_typo_correction ... ok
test test_total_correction_count ... ok

test result: ok. 9 passed; 0 failed; 0 ignored; 0 measured; 0 filtered out; finished in 0.01s

     Running tests/usage_event_contract_guard.rs (target/debug/deps/usage_event_contract_guard-64870311deae1009)

running 1 test
test usage_event_contract_exposes_fields_needed_for_deterministic_summaries ... ok

test result: ok. 1 passed; 0 failed; 0 ignored; 0 measured; 0 filtered out; finished in 0.00s

   Doc-tests mycelium

running 14 tests
test src/tracking/mod.rs - tracking::Tracker (line 73) - compile ... ok
test src/tracking/mod.rs - tracking (line 15) - compile ... ok
test src/tracking/mod.rs - tracking::Tracker::new (line 332) - compile ... ok
test src/tracking/mod.rs - tracking::Tracker::record (line 372) - compile ... ok
test src/tracking/queries.rs - tracking::queries::Tracker::get_all_days (line 206) - compile ... ok
test src/tracking/queries.rs - tracking::queries::Tracker::get_by_month (line 352) - compile ... ok
test src/tracking/queries.rs - tracking::queries::Tracker::get_by_week (line 278) - compile ... ok
test src/tracking/timer.rs - tracking::timer::TimedExecution (line 19) - compile ... ok
test src/tracking/queries.rs - tracking::queries::Tracker::get_recent (line 427) - compile ... ok
test src/tracking/timer.rs - tracking::timer::TimedExecution::start (line 40) - compile ... ok
test src/tracking/timer.rs - tracking::timer::TimedExecution::track (line 69) - compile ... ok
test src/tracking/timer.rs - tracking::timer::TimedExecution::track_passthrough (line 107) - compile ... ok
test src/tracking/utils.rs - tracking::utils::args_display (line 227) ... ok
test src/tracking/utils.rs - tracking::utils::estimate_tokens (line 209) ... ok

test result: ok. 14 passed; 0 failed; 0 ignored; 0 measured; 0 filtered out; finished in 0.01s

all doctests ran in 0.74s; merged doctests compilation took 0.55s
