---
source: src/curl_cmd.rs
expression: output
---
{
  "id": 12345678,
  "node_id": "MDEwOlJlcG9zaXRvcnkxMjM0NTY3OA==",
  "name": "my-repo",
  "full_name": "octocat/my-repo",
  "private": false,
  "owner": {
    "login": "octocat",
    "id": 1,
    "node_id": "MDQ6VXNlcjE=",
    "avatar_url": "https://github.com/images/error/octocat_happy.gif",
    "gravatar_id": "",
    "url": "https://api.github.com/users/octocat",
    "html_url": "https://github.com/octocat",
    "followers_url": "https://api.github.com/users/octocat/followers",
    "following_url": "https://api.github.com/users/octocat/following{/other_user}",
    "gists_url": "https://api.github.com/users/octocat/gists{/gist_id}",
    "starred_url": "https://api.github.com/users/octocat/starred{/owner}{/repo}",
    "subscriptions_url": "https://api.github.com/users/octocat/subscriptions",
    "organizations_url": "https://api.github.com/users/octocat/orgs",
    "repos_url": "https://api.github.com/users/octocat/repos",
    "events_url": "https://api.github.com/users/octocat/events{/privacy}",
    "received_events_url": "https://api.github.com/users/octocat/received_events",
    "type": "User",
    "site_admin": false
  },
  "html_url": "https://github.com/octocat/my-repo",
  "description": "This is a test repository that demonstrates the structure of a GitHub API response with nested objects and arrays",
  "fork": false,
  "url": "https://api.github.com/repos/octocat/my-repo",
  "created_at": "2011-01-26T19:01:12Z",
  "updated_at": "2024-01-15T10:30:00Z",
  "pushed_at": "2024-01-15T10:30:00Z",
  "git_url": "git://github.com/octocat/my-repo.git",
  "ssh_url": "git@github.com:octocat/my-repo.git",
  "clone_url": "https://github.com/octocat/my-repo.git",
  "svn_url": "https://svn.github.com/octocat/my-repo",
  "size": 108,
  "stargazers_count": 80,
  "watchers_count": 80,
  "language": "Rust",
  "has_issues": true,
  "has_projects": true,
  "has_downloads": true,
  "has_wiki": true,
  "has_pages": false,
  "forks_count": 9,
  "open_issues_count": 0,
  "default_branch": "main",
  "topics": [
    "rust",
    "cli",
    "productivity",
    "token-optimization"
  ],
  "visibility": "public",
  "permissions": {
    "admin": false,
    "push": false,
    "pull": true
  },
  "license": {
    "key": "mit",
    "name": "MIT License",
    "spdx_id": "MIT",
    "url": "https://api.github.com/licenses/mit"
  },
  "subscribers_count": 42,
  "network_count": 5,
  "forks": 9,
  "open_issues": 0,
  "watchers": 80,
  "is_template": false
}
